<area shape="rect" href="$bird_8cpp.html" title="/home/andrej/workspace/hpso/pso_src/bird.cpp" alt="" coords="708,81,1001,105">
<area shape="rect" href="$pso__globals_8h.html" title="/home/andrej/workspace/hpso/pso_src/pso_globals.h" alt="" coords="1025,81,1353,105">
<area shape="rect" href="$lsearch_8h.html" title="/home/andrej/workspace/hpso/pso_src/lsearch.h" alt="" coords="19,156,320,180">
<area shape="rect" href="$pso_8h.html" title="/home/andrej/workspace/hpso/pso_src/pso.h" alt="" coords="351,156,631,180">
<area shape="rect" href="$pso__globals_8cpp.html" title="/home/andrej/workspace/hpso/pso_src/pso_globals.cpp" alt="" coords="655,156,996,180">
<area shape="rect" href="$pso__statistics_8h.html" title="/home/andrej/workspace/hpso/pso_src/pso_statistics.h" alt="" coords="1020,156,1359,180">
<area shape="rect" href="$pso__wrap_8cpp.html" title="/home/andrej/workspace/hpso/pso_src/pso_wrap.cpp" alt="" coords="1383,156,1711,180">
<area shape="rect" href="$swarm_8h.html" title="/home/andrej/workspace/hpso/pso_src/swarm.h" alt="" coords="1735,156,2031,180">
<area shape="rect" href="$lsearch_8cpp.html" title="/home/andrej/workspace/hpso/pso_src/lsearch.cpp" alt="" coords="5,230,320,254">
<area shape="rect" href="$pso_8cpp.html" title="/home/andrej/workspace/hpso/pso_src/pso.cpp" alt="" coords="344,230,637,254">
<area shape="rect" href="$runpso_8cpp.html" title="/home/andrej/workspace/hpso/pso_src/runpso.cpp" alt="" coords="661,230,973,254">
<area shape="rect" href="$pso__statistics_8cpp.html" title="/home/andrej/workspace/hpso/pso_src/pso_statistics.cpp" alt="" coords="1012,230,1367,254">
<area shape="rect" href="$swarm_8cpp.html" title="/home/andrej/workspace/hpso/pso_src/swarm.cpp" alt="" coords="1727,230,2039,254">
