<area shape="rect" href="$classSwarm.html#8315401d37a75266d77f71a66660d1ae" title="If the best scout is better than the gbest individual it is reset." alt="" coords="464,274,597,298">
<area shape="rect" href="$classBird.html#ce844c5f8c4b379fcbf7dac32689d651" title="Return the personal best position." alt="" coords="767,152,887,176">
<area shape="rect" href="$classSwarm.html#849d8809ea9c26d9bc0010968bf1020c" title="Calculate the diversity." alt="" coords="164,568,335,592">
<area shape="rect" href="$classSwarm.html#e0647f4af56497d936dafc35aa7989bf" title="Compare iteration best particle to the global best and update." alt="" coords="471,322,591,346">
<area shape="rect" href="$classSwarm.html#a2b011c3d98a6f761691a0e52bec6001" title="Compare iteration best scout to the currently best one and update." alt="" coords="169,468,329,492">
<area shape="rect" href="$classSwarm.html#2ff0a2521e41d8b26e031e5a08c583b5" title="Apply detection method for changed environment." alt="" coords="149,1522,349,1546">
<area shape="rect" href="$classPsoStatistics.html#7f0b1661dfa4627c0e2e15020ab6b83e" title="PsoStatistics::getCurrentStep" alt="" coords="433,1498,628,1522">
<area shape="rect" href="$classSwarm.html#a7bea159365345bccd57ac10f06e812b" title="All the particles in the swarm evaluate their current position." alt="" coords="179,940,320,964">
<area shape="rect" href="$classSwarm.html#39eaa4eed93a5d2731f5b1d5ecac8fa5" title="All the scouts evaluate their current position." alt="" coords="169,743,329,767">
<area shape="rect" href="$classPSO.html#b39abf541d9a73383613ebc507f07a2c" title="PSO::getDynamicStyle" alt="" coords="172,1570,327,1594">
<area shape="rect" href="$classPSO.html#393ccc4ad7ed55a99ca49cae4c295ccb" title="PSO::getLocalsearchMode" alt="" coords="161,1618,337,1642">
<area shape="rect" href="$classPSO.html#c35d78fd4c2c2b2d4f7b4e48f9a81578" title="Called by the swarm, after an iteration is done." alt="" coords="183,1354,316,1378">
<area shape="rect" href="$classSwarm.html#41d6aa35d312751a1f9cb6977a545beb" title="All the particles in the swarm are moved." alt="" coords="199,1666,300,1690">
<area shape="rect" href="$classSwarm.html#4fc3581725e33c1fe2d089f5980d3454" title="All the scouts are moved." alt="" coords="179,1714,320,1738">
<area shape="rect" href="$classSwarm.html#f98488b9ca17c07c89a591040f360db6" title="Respond to the change in the environment." alt="" coords="163,298,336,322">
<area shape="rect" href="$classBird.html#f93673932c41319e7488cb6f5e509ddc" title="check if a dimension has vanished, if so perform a side step" alt="" coords="199,1762,300,1786">
<area shape="rect" href="$classSwarm.html#40a832e5094cc0bef13d9c6ab83b98c5" title="Determine the current mean position of the swarm." alt="" coords="156,864,343,888">
<area shape="rect" href="$classSwarm.html#9e891ddba8f8890e9f48a06067a76a73" title="The velocity is updated according to a randomly chosen position." alt="" coords="169,180,329,204">
<area shape="rect" href="$classSwarm.html#be668c680f5bdd27bd2c4244a8a431bf" title="The velocity is updated according to the globalBestBird." alt="" coords="187,236,312,260">
<area shape="rect" href="$classBird.html#9e93d67d4232ccd557f4e4293ebbe8f5" title="Return the function value of the personal best position." alt="" coords="763,440,891,464">
<area shape="rect" href="$classBird.html#278525c49e07d167335c9fdfdcc4c16b" title="Return the current position." alt="" coords="780,670,873,694">
<area shape="rect" href="$classPSO.html#9a41fda12a9a5a81b97fc5183620f77b" title="Comparsion function depending on the kind of optimization problem (max, min)." alt="" coords="776,554,877,578">
<area shape="rect" href="$classBird.html#1899bc1ad99de27864b35d509f87ef96" title="Set the personal best position." alt="" coords="767,200,887,224">
<area shape="rect" href="$classBird.html#b0eeeade7db24cf936f9815f2082e7a9" title="Set the personal best value." alt="" coords="763,248,891,272">
<area shape="rect" href="$classBird.html#c61ff0028ea7d5e664d7aa0ac4379012" title="Set the current position." alt="" coords="780,296,873,320">
<area shape="rect" href="$tools_8cpp.html#a9e6ed8a690638455cc83a18b1755042" title="euclideanDistance" alt="" coords="467,519,595,543">
<area shape="rect" href="$classPsoStatistics.html#22645aac349492460cb782a7c87ed3f4" title="For noisy functions, the value at the best perceived position." alt="" coords="712,344,941,368">
<area shape="rect" href="$classPsoStatistics.html#1d3cbd813114a32bf18cc71c6a86251e" title="PsoStatistics::addGlobalBest" alt="" coords="731,392,923,416">
<area shape="rect" href="$classPSO.html#f4a2d70abe3be905c903502e806da3d3" title="Calls Function::evaluate of the implemented optimization function." alt="" coords="761,988,892,1012">
<area shape="rect" href="$classBird.html#bf844d57c7542b2bd8dba8d8aae84b96" title="Return the function value at the current position." alt="" coords="459,471,603,495">
<area shape="rect" href="$classPsoStatistics.html#84f90498fd9477122cf1dd5541a18691" title="PsoStatistics::changeDetected" alt="" coords="431,1594,631,1618">
<area shape="rect" href="$classPSO.html#9f0b500a00467d6a2332f2094d585245" title="For hierachyChangeDetect at what number of swaps a change is detected." alt="" coords="399,1642,663,1666">
<area shape="rect" href="$classPsoStatistics.html#fbff3218d9cf6a42ba38ac14d9c92fdd" title="Get the number of swaps in PyramidSwarm at step." alt="" coords="429,1690,632,1714">
<area shape="rect" href="$classSwarm.html#75d0b85dc6fa2ec069f1580e0386faee" title="Required for DynamicPyramidSwarm." alt="" coords="469,1738,592,1762">
<area shape="rect" href="$classPSO.html#7407b0e27405a6d49159ff8afb0d2e18" title="If a change of the dynamic function has occured in the current iteration." alt="" coords="449,1786,612,1810">
<area shape="rect" href="$classBird.html#d727d4ff5f291fa2098dbc9f609ed05b" title="For dynamic functions the function value of the personal best position is updated..." alt="" coords="456,1546,605,1570">
<area shape="rect" href="$classPsoStatistics.html#6ff0044f38bab5187ac001bce0d73a5d" title="PsoStatistics::addAverage" alt="" coords="443,1111,619,1135">
<area shape="rect" href="$classPsoStatistics.html#05194411c59d0027efa884a4cee08fd3" title="PsoStatistics::addIterationBest" alt="" coords="429,1159,632,1183">
<area shape="rect" href="$classBird.html#1bd5c0e3711cd3aae93a0eeee0fd6c15" title="Evaluate the function at the current position and store new best value." alt="" coords="460,767,601,791">
<area shape="rect" href="$classPsoStatistics.html#d3e52ecec8fefe72150dd6b53abe6c12" title="PsoStatistics::finishAverage" alt="" coords="437,1015,624,1039">
<area shape="rect" href="$classPSO.html#e6edebe0b4bb447c95b9ec8c4846daa0" title="Return the worst evaluation value, depending on (max, min) problem." alt="" coords="481,815,580,839">
<area shape="rect" href="$classPsoStatistics.html#f6a8ad5a404e02507a2e8bbaa1235c0f" title="PsoStatistics::initAverage" alt="" coords="445,1063,616,1087">
<area shape="rect" href="$tools_8cpp.html#d7aa76daee98b16913a0e7f380896510" title="printVec" alt="" coords="497,719,564,743">
<area shape="rect" href="$classFunction.html#6b8d4f0e5f160a7ead82d28c96046955" title="Function::getDynamicStyle" alt="" coords="441,1834,620,1858">
<area shape="rect" href="$classPsoStatistics.html#1fd7ea6e68ab77ad741a0dea3a26012e" title="Log the current function error." alt="" coords="432,1354,629,1378">
<area shape="rect" href="$movpeaks_8c.html#b7b884e48cda58a8d8278e17fcb1ab68" title="get_current_error" alt="" coords="471,1402,591,1426">
<area shape="rect" href="$classPsoStatistics.html#da296b91e976a0d5789e7a79e4b1dccf" title="PsoStatistics::getActualGlobalBest" alt="" coords="417,1450,644,1474">
<area shape="rect" href="$classFunction.html#e6d1592d71358ccb6b1cab1e694ed52b" title="Returns the goal value, given by the benchmark." alt="" coords="469,1258,592,1282">
<area shape="rect" href="$classFunction.html#cf92330874c4783b53c2d61733d418e5" title="Returns the global optimum value." alt="" coords="472,1306,589,1330">
