<area shape="rect" href="$classPsoStatistics.html#7716ae0c84ec1c5a46410eb3ca8ba61f" title="Collect the diversity for the given subtree." alt="" coords="225,102,449,126">
<area shape="rect" href="$classSwarm.html#8315401d37a75266d77f71a66660d1ae" title="If the best scout is better than the gbest individual it is reset." alt="" coords="599,150,732,174">
<area shape="rect" href="$classSwarm.html#849d8809ea9c26d9bc0010968bf1020c" title="Calculate the diversity." alt="" coords="252,1038,423,1062">
<area shape="rect" href="$classPyramidSwarm.html#41331a3f455fcbd596989f79715b1b8b" title="Calculate the diversity for the individual subtrees." alt="" coords="205,1091,469,1115">
<area shape="rect" href="$classSwarm.html#e0647f4af56497d936dafc35aa7989bf" title="Compare iteration best particle to the global best and update." alt="" coords="605,198,725,222">
<area shape="rect" href="$classSwarm.html#a2b011c3d98a6f761691a0e52bec6001" title="Compare iteration best scout to the currently best one and update." alt="" coords="257,347,417,371">
<area shape="rect" href="$classSwarm.html#2ff0a2521e41d8b26e031e5a08c583b5" title="Apply detection method for changed environment." alt="" coords="237,1334,437,1358">
<area shape="rect" href="$classPsoStatistics.html#7f0b1661dfa4627c0e2e15020ab6b83e" title="PsoStatistics::getCurrentStep" alt="" coords="568,1334,763,1358">
<area shape="rect" href="$classSwarm.html#a7bea159365345bccd57ac10f06e812b" title="All the particles in the swarm evaluate their current position." alt="" coords="267,566,408,590">
<area shape="rect" href="$classSwarm.html#39eaa4eed93a5d2731f5b1d5ecac8fa5" title="All the scouts evaluate their current position." alt="" coords="257,790,417,814">
<area shape="rect" href="$classPyramidSwarm.html#d8028bde5aa6ba3440350e3c6cca959f" title="PyramidSwarm::getAverageDiversitySubtree" alt="" coords="197,1382,477,1406">
<area shape="rect" href="$classPSO.html#b39abf541d9a73383613ebc507f07a2c" title="PSO::getDynamicStyle" alt="" coords="260,1430,415,1454">
<area shape="rect" href="$classPSO.html#134b1281d2b1216a2090217c21aff309" title="Return the current step of the optimization." alt="" coords="287,1238,388,1262">
<area shape="rect" href="$classPyramidSwarm.html#cd664c6c7399497eeb45aeade60835ab" title="According to the pyramid hierarchy the birds are compared and swapped." alt="" coords="220,903,455,927">
<area shape="rect" href="$classPSO.html#c35d78fd4c2c2b2d4f7b4e48f9a81578" title="Called by the swarm, after an iteration is done." alt="" coords="271,1286,404,1310">
<area shape="rect" href="$classSwarm.html#41d6aa35d312751a1f9cb6977a545beb" title="All the particles in the swarm are moved." alt="" coords="287,1478,388,1502">
<area shape="rect" href="$classSwarm.html#4fc3581725e33c1fe2d089f5980d3454" title="All the scouts are moved." alt="" coords="267,1526,408,1550">
<area shape="rect" href="$classSwarm.html#f98488b9ca17c07c89a591040f360db6" title="Respond to the change in the environment." alt="" coords="251,248,424,272">
<area shape="rect" href="$classPyramidSwarm.html#08b947b4263eb221c30271fe54f6ae33" title="The levels of the BirdContainers in birdContainerLevels is updated." alt="" coords="201,1574,473,1598">
<area shape="rect" href="$classSwarm.html#5ef674f56c0bb5276aab56f456bd16b4" title="Determine the maximum distance between two birds." alt="" coords="573,939,757,963">
<area shape="rect" href="$classSwarm.html#40a832e5094cc0bef13d9c6ab83b98c5" title="Determine the current mean position of the swarm." alt="" coords="244,1139,431,1163">
<area shape="rect" href="$classSwarm.html#9e891ddba8f8890e9f48a06067a76a73" title="The velocity is updated according to a randomly chosen position." alt="" coords="257,150,417,174">
<area shape="rect" href="$classPyramidSwarm.html#4f43e6459e6fede3785780facb4c5e1f" title="The velocities of the birds are updated." alt="" coords="251,1622,424,1646">
<area shape="rect" href="$classBird.html#ce844c5f8c4b379fcbf7dac32689d651" title="Return the personal best position." alt="" coords="920,150,1040,174">
<area shape="rect" href="$classBird.html#9e93d67d4232ccd557f4e4293ebbe8f5" title="Return the function value of the personal best position." alt="" coords="916,294,1044,318">
<area shape="rect" href="$classBird.html#278525c49e07d167335c9fdfdcc4c16b" title="Return the current position." alt="" coords="933,964,1027,988">
<area shape="rect" href="$classPSO.html#9a41fda12a9a5a81b97fc5183620f77b" title="Comparsion function depending on the kind of optimization problem (max, min)." alt="" coords="929,396,1031,420">
<area shape="rect" href="$classBird.html#1899bc1ad99de27864b35d509f87ef96" title="Set the personal best position." alt="" coords="920,102,1040,126">
<area shape="rect" href="$classBird.html#b0eeeade7db24cf936f9815f2082e7a9" title="Set the personal best value." alt="" coords="916,6,1044,30">
<area shape="rect" href="$classBird.html#c61ff0028ea7d5e664d7aa0ac4379012" title="Set the current position." alt="" coords="933,54,1027,78">
<area shape="rect" href="$tools_8cpp.html#a9e6ed8a690638455cc83a18b1755042" title="euclideanDistance" alt="" coords="601,1038,729,1062">
<area shape="rect" href="$classPyramidSwarm.html#c88d70f33dee3ffa27d63e2877c8a8ad" title="Returns the pyramid subtree that bird_i is on." alt="" coords="855,1235,1105,1259">
<area shape="rect" href="$tools_8cpp.html#5112f83bc0660a5a31f59132cfc50716" title="Wrapper to GSL Function call." alt="" coords="616,1136,715,1160">
<area shape="rect" href="$classPyramidSwarm.html#113cc1a3ee99a45c346fd3018a20ea7b" title="Determine the current mean position of the subtree or the given randomSet." alt="" coords="525,1184,805,1208">
<area shape="rect" href="$classPsoStatistics.html#22645aac349492460cb782a7c87ed3f4" title="For noisy functions, the value at the best perceived position." alt="" coords="865,198,1095,222">
<area shape="rect" href="$classPsoStatistics.html#1d3cbd813114a32bf18cc71c6a86251e" title="PsoStatistics::addGlobalBest" alt="" coords="884,246,1076,270">
<area shape="rect" href="$classPSO.html#f4a2d70abe3be905c903502e806da3d3" title="Calls Function::evaluate of the implemented optimization function." alt="" coords="915,640,1045,664">
<area shape="rect" href="$classBird.html#bf844d57c7542b2bd8dba8d8aae84b96" title="Return the function value at the current position." alt="" coords="593,347,737,371">
<area shape="rect" href="$classPsoStatistics.html#84f90498fd9477122cf1dd5541a18691" title="PsoStatistics::changeDetected" alt="" coords="565,1430,765,1454">
<area shape="rect" href="$classPSO.html#9f0b500a00467d6a2332f2094d585245" title="For hierachyChangeDetect at what number of swaps a change is detected." alt="" coords="533,1478,797,1502">
<area shape="rect" href="$classPsoStatistics.html#fbff3218d9cf6a42ba38ac14d9c92fdd" title="Get the number of swaps in PyramidSwarm at step." alt="" coords="564,1526,767,1550">
<area shape="rect" href="$classSwarm.html#75d0b85dc6fa2ec069f1580e0386faee" title="Required for DynamicPyramidSwarm." alt="" coords="604,1574,727,1598">
<area shape="rect" href="$classPSO.html#7407b0e27405a6d49159ff8afb0d2e18" title="If a change of the dynamic function has occured in the current iteration." alt="" coords="584,1622,747,1646">
<area shape="rect" href="$classBird.html#d727d4ff5f291fa2098dbc9f609ed05b" title="For dynamic functions the function value of the personal best position is updated..." alt="" coords="591,1382,740,1406">
<area shape="rect" href="$classPsoStatistics.html#6ff0044f38bab5187ac001bce0d73a5d" title="PsoStatistics::addAverage" alt="" coords="577,494,753,518">
<area shape="rect" href="$classPsoStatistics.html#05194411c59d0027efa884a4cee08fd3" title="PsoStatistics::addIterationBest" alt="" coords="564,542,767,566">
<area shape="rect" href="$classBird.html#1bd5c0e3711cd3aae93a0eeee0fd6c15" title="Evaluate the function at the current position and store new best value." alt="" coords="595,590,736,614">
<area shape="rect" href="$classPsoStatistics.html#d3e52ecec8fefe72150dd6b53abe6c12" title="PsoStatistics::finishAverage" alt="" coords="572,446,759,470">
<area shape="rect" href="$classPSO.html#e6edebe0b4bb447c95b9ec8c4846daa0" title="Return the worst evaluation value, depending on (max, min) problem." alt="" coords="616,790,715,814">
