<area shape="rect" href="$classtree.html#76b3a629c0208d5ae5b4ffcd4492e05e" title="tree::begin" alt="" coords="423,6,505,30">
<area shape="rect" href="$classtree.html#0d09fe9fd34fbfc9c9e4e28cb694448e" title="tree::end" alt="" coords="428,54,500,78">
<area shape="rect" href="$classtree.html#3eb424c89446ae17a747d2aca2cdda4b" title="tree::erase" alt="" coords="423,102,505,126">
<area shape="rect" href="$classPsoStatistics.html#7f0b1661dfa4627c0e2e15020ab6b83e" title="PsoStatistics::getCurrentStep" alt="" coords="367,150,561,174">
<area shape="rect" href="$classSwarm.html#c4550c4e3a04350e6b3d1481b896ee8a" title="Delete the particle with the given index." alt="" coords="396,198,532,222">
<area shape="rect" href="$classPyramidSwarm.html#a33082c7cb70dd7bf2e33f97c4c69e01" title="update the BirdContainer* maps" alt="" coords="311,246,617,270">
<area shape="rect" href="$namespacekp.html#a6813c11eeb1c091cdd1eff62de70914" title="kp::destructor" alt="" coords="851,103,952,127">
<area shape="rect" href="$classtree.html#05d5fd71c206efc8ac30df5cd46176bc" title="tree::erase_children" alt="" coords="667,127,803,151">
