<area shape="rect" href="$classPSO.html#f4a2d70abe3be905c903502e806da3d3" title="Calls Function::evaluate of the implemented optimization function." alt="" coords="261,126,392,150">
<area shape="rect" href="$classBird.html#ce844c5f8c4b379fcbf7dac32689d651" title="Return the personal best position." alt="" coords="267,174,387,198">
<area shape="rect" href="$classBird.html#9e93d67d4232ccd557f4e4293ebbe8f5" title="Return the function value of the personal best position." alt="" coords="263,222,391,246">
<area shape="rect" href="$classBird.html#76259cf6591db8b1b6fae26836ab835d" title="Return the last function value evaluation of the personal best position (for noisy..." alt="" coords="249,270,404,294">
<area shape="rect" href="$classPSO.html#9f0db9ddf94a915706314de77161e556" title="Store new evaluated best value in bird." alt="" coords="225,318,428,342">
<area shape="rect" href="$classPSO.html#b7fa34d665f860e11c91545314a81e39" title="Include old value into re&#45;evaluation." alt="" coords="228,366,425,390">
<area shape="rect" href="$classPSO.html#d69012e1331e93c50a3c7ec9ebc3d9a1" title="How many re&#45;evaluations of the best position." alt="" coords="228,414,425,438">
<area shape="rect" href="$classBird.html#de897774aec5007edcfca2c04a2adef1" title="If the bird has already been re&#45;evaluated in this iteration." alt="" coords="255,462,399,486">
<area shape="rect" href="$classPSO.html#9a41fda12a9a5a81b97fc5183620f77b" title="Comparsion function depending on the kind of optimization problem (max, min)." alt="" coords="276,510,377,534">
<area shape="rect" href="$classBird.html#b0eeeade7db24cf936f9815f2082e7a9" title="Set the personal best value." alt="" coords="263,558,391,582">
<area shape="rect" href="$classBird.html#e3f3b24b964132d871dc68c6c6e81a07" title="Set the last evaluation of the personal best value." alt="" coords="249,606,404,630">
<area shape="rect" href="$classBird.html#f315e6e1f1b2eebf58f57e774e899a8f" title="Reset the current reEvaluation status." alt="" coords="255,654,399,678">
<area shape="rect" href="$classFunction.html#af172a6b18b99aeeccdc22d408a5fc29" title="Add noise to the position." alt="" coords="500,6,655,30">
<area shape="rect" href="$classFunction.html#f19cf9d966785fd17c0c0b94d5483d99" title="Scale value with noise." alt="" coords="479,54,676,78">
<area shape="rect" href="$classFunction.html#ecbc9e3a5181a8ba35af8c60a3b28c11" title="Add noise to the value." alt="" coords="501,102,653,126">
<area shape="rect" href="$classFunction.html#159260a1fc3afa8932491e4057b6b844" title="The evaluation function has to be present, since it is the decisive part of the function..." alt="" coords="513,150,641,174">
<area shape="rect" href="$classPsoStatistics.html#b2d2a9dcc6d8768be003c8a32d99c308" title="PsoStatistics::evaluated" alt="" coords="496,198,659,222">
<area shape="rect" href="$classFunction.html#5d1c101ec674fb9c792fe119897693ff" title="Function::getNoiseStyle" alt="" coords="497,246,657,270">
<area shape="rect" href="$tools_8cpp.html#4e18622b1241fd9510728a92cc37c471" title="Return gaussian distributed double from [0;1)." alt="" coords="725,54,867,78">
