<area shape="rect" href="$classDynamicPyramidSwarm.html#82676482de529f96eecaeaead9fc29c2" title="The lower sub&#45;swarms are re&#45;randomized." alt="" coords="547,174,845,198">
<area shape="rect" href="$classSwarm.html#f98488b9ca17c07c89a591040f360db6" title="Respond to the change in the environment." alt="" coords="325,539,499,563">
<area shape="rect" href="$classSwarm.html#68f5ddc7a3335954f42cc01366ab374d" title="All individuals update their personal best position." alt="" coords="609,662,783,686">
<area shape="rect" href="$classtree.html#76b3a629c0208d5ae5b4ffcd4492e05e" title="tree::begin" alt="" coords="931,6,1013,30">
<area shape="rect" href="$classtree.html#16c66be75ca89c999a9c4a68497b05a1" title="tree::depth" alt="" coords="931,54,1013,78">
<area shape="rect" href="$classtree.html#0d09fe9fd34fbfc9c9e4e28cb694448e" title="tree::end" alt="" coords="936,102,1008,126">
<area shape="rect" href="$classPSO.html#83130a91287e0dbf1f818bf1b91d382e" title="The optimization function type is returned." alt="" coords="895,150,1049,174">
<area shape="rect" href="$classBird.html#ce844c5f8c4b379fcbf7dac32689d651" title="Return the personal best position." alt="" coords="912,392,1032,416">
<area shape="rect" href="$classPSO.html#b39abf541d9a73383613ebc507f07a2c" title="PSO::getDynamicStyle" alt="" coords="895,198,1049,222">
<area shape="rect" href="$classSwarm.html#7e8309edaf059226c469e7d6a05caddd" title="The bird is re&#45;randomized." alt="" coords="896,246,1048,270">
<area shape="rect" href="$classFunction.html#6b8d4f0e5f160a7ead82d28c96046955" title="Function::getDynamicStyle" alt="" coords="1103,151,1281,175">
<area shape="rect" href="$classPSO.html#9da7242360b57a226143a6b60547021b" title="The dimension of the search space is returned." alt="" coords="1140,295,1244,319">
<area shape="rect" href="$tools_8cpp.html#9ace512de549f107381a747c6677e990" title="Wrapper to GSL Function call." alt="" coords="1131,199,1253,223">
<area shape="rect" href="$classBird.html#1899bc1ad99de27864b35d509f87ef96" title="Set the personal best position." alt="" coords="1132,343,1252,367">
<area shape="rect" href="$classBird.html#c61ff0028ea7d5e664d7aa0ac4379012" title="Set the current position." alt="" coords="1145,490,1239,514">
<area shape="rect" href="$classBird.html#164ec9a9b0fde87bf54ed9390a9729c9" title="Set the velocity vector." alt="" coords="1148,247,1236,271">
<area shape="rect" href="$classSwarm.html#8315401d37a75266d77f71a66660d1ae" title="If the best scout is better than the gbest individual it is reset." alt="" coords="629,539,763,563">
<area shape="rect" href="$classSwarm.html#93f011b4e32128da1ff11431ce98a577" title="A certain portion of the swarm is re&#45;randomized." alt="" coords="615,319,777,343">
<area shape="rect" href="$classBird.html#9e93d67d4232ccd557f4e4293ebbe8f5" title="Return the function value of the personal best position." alt="" coords="908,638,1036,662">
<area shape="rect" href="$classBird.html#278525c49e07d167335c9fdfdcc4c16b" title="Return the current position." alt="" coords="925,440,1019,464">
<area shape="rect" href="$classPSO.html#9a41fda12a9a5a81b97fc5183620f77b" title="Comparsion function depending on the kind of optimization problem (max, min)." alt="" coords="921,686,1023,710">
<area shape="rect" href="$classBird.html#b0eeeade7db24cf936f9815f2082e7a9" title="Set the personal best value." alt="" coords="908,539,1036,563">
<area shape="rect" href="$tools_8cpp.html#5112f83bc0660a5a31f59132cfc50716" title="Wrapper to GSL Function call." alt="" coords="923,294,1021,318">
<area shape="rect" href="$classPSO.html#e6edebe0b4bb447c95b9ec8c4846daa0" title="Return the worst evaluation value, depending on (max, min) problem." alt="" coords="923,782,1021,806">
<area shape="rect" href="$classBird.html#d727d4ff5f291fa2098dbc9f609ed05b" title="For dynamic functions the function value of the personal best position is updated..." alt="" coords="897,734,1047,758">
<area shape="rect" href="$classPSO.html#f4a2d70abe3be905c903502e806da3d3" title="Calls Function::evaluate of the implemented optimization function." alt="" coords="1127,710,1257,734">
<area shape="rect" href="$classPSO.html#4f9d31231c71b309637baabc38dafe8e" title="Return the number of samples to take for the personal best value." alt="" coords="1100,758,1284,782">
<area shape="rect" href="$classFunction.html#af172a6b18b99aeeccdc22d408a5fc29" title="Add noise to the position." alt="" coords="1356,590,1511,614">
<area shape="rect" href="$classFunction.html#f19cf9d966785fd17c0c0b94d5483d99" title="Scale value with noise." alt="" coords="1335,638,1532,662">
<area shape="rect" href="$classFunction.html#ecbc9e3a5181a8ba35af8c60a3b28c11" title="Add noise to the value." alt="" coords="1357,686,1509,710">
<area shape="rect" href="$classFunction.html#159260a1fc3afa8932491e4057b6b844" title="The evaluation function has to be present, since it is the decisive part of the function..." alt="" coords="1369,734,1497,758">
<area shape="rect" href="$classPsoStatistics.html#b2d2a9dcc6d8768be003c8a32d99c308" title="PsoStatistics::evaluated" alt="" coords="1352,782,1515,806">
<area shape="rect" href="$classFunction.html#5d1c101ec674fb9c792fe119897693ff" title="Function::getNoiseStyle" alt="" coords="1353,830,1513,854">
<area shape="rect" href="$tools_8cpp.html#4e18622b1241fd9510728a92cc37c471" title="Return gaussian distributed double from [0;1)." alt="" coords="1581,638,1723,662">
