<area shape="rect" href="$classPSO.html#83130a91287e0dbf1f818bf1b91d382e" title="The optimization function type is returned." alt="" coords="220,6,375,30">
<area shape="rect" href="$classBird.html#ce844c5f8c4b379fcbf7dac32689d651" title="Return the personal best position." alt="" coords="237,54,357,78">
<area shape="rect" href="$classPSO.html#b39abf541d9a73383613ebc507f07a2c" title="PSO::getDynamicStyle" alt="" coords="220,102,375,126">
<area shape="rect" href="$classBird.html#278525c49e07d167335c9fdfdcc4c16b" title="Return the current position." alt="" coords="251,150,344,174">
<area shape="rect" href="$tools_8cpp.html#5112f83bc0660a5a31f59132cfc50716" title="Wrapper to GSL Function call." alt="" coords="248,198,347,222">
<area shape="rect" href="$classSwarm.html#7e8309edaf059226c469e7d6a05caddd" title="The bird is re&#45;randomized." alt="" coords="221,246,373,270">
<area shape="rect" href="$classBird.html#1899bc1ad99de27864b35d509f87ef96" title="Set the personal best position." alt="" coords="453,342,573,366">
<area shape="rect" href="$classFunction.html#6b8d4f0e5f160a7ead82d28c96046955" title="Function::getDynamicStyle" alt="" coords="424,102,603,126">
<area shape="rect" href="$classPSO.html#9da7242360b57a226143a6b60547021b" title="The dimension of the search space is returned." alt="" coords="461,150,565,174">
<area shape="rect" href="$tools_8cpp.html#9ace512de549f107381a747c6677e990" title="Wrapper to GSL Function call." alt="" coords="452,198,575,222">
<area shape="rect" href="$classBird.html#c61ff0028ea7d5e664d7aa0ac4379012" title="Set the current position." alt="" coords="467,246,560,270">
<area shape="rect" href="$classBird.html#164ec9a9b0fde87bf54ed9390a9729c9" title="Set the velocity vector." alt="" coords="469,294,557,318">
