<area shape="rect" href="$classSwarm.html#2ff0a2521e41d8b26e031e5a08c583b5" title="Apply detection method for changed environment." alt="" coords="355,150,555,174">
<area shape="rect" href="$classPsoStatistics.html#84f90498fd9477122cf1dd5541a18691" title="PsoStatistics::changeDetected" alt="" coords="636,6,836,30">
<area shape="rect" href="$classPsoStatistics.html#7f0b1661dfa4627c0e2e15020ab6b83e" title="PsoStatistics::getCurrentStep" alt="" coords="639,54,833,78">
<area shape="rect" href="$classPSO.html#9f0b500a00467d6a2332f2094d585245" title="For hierachyChangeDetect at what number of swaps a change is detected." alt="" coords="604,102,868,126">
<area shape="rect" href="$classPsoStatistics.html#fbff3218d9cf6a42ba38ac14d9c92fdd" title="Get the number of swaps in PyramidSwarm at step." alt="" coords="635,150,837,174">
<area shape="rect" href="$classSwarm.html#75d0b85dc6fa2ec069f1580e0386faee" title="Required for DynamicPyramidSwarm." alt="" coords="675,198,797,222">
<area shape="rect" href="$classPSO.html#7407b0e27405a6d49159ff8afb0d2e18" title="If a change of the dynamic function has occured in the current iteration." alt="" coords="655,246,817,270">
<area shape="rect" href="$classBird.html#d727d4ff5f291fa2098dbc9f609ed05b" title="For dynamic functions the function value of the personal best position is updated..." alt="" coords="661,294,811,318">
<area shape="rect" href="$classPsoStatistics.html#891f35f4f6e8a29f47b4e8537ba23e4b" title="Get the number of all swaps in PyramidSwarm until step." alt="" coords="917,150,1109,174">
<area shape="rect" href="$classPsoStatistics.html#510212cbbf51016b23b7fa5137da665d" title="Get the number of swaps until step in the given level of PyramidSwarm." alt="" coords="1159,150,1380,174">
<area shape="rect" href="$classPSO.html#f4a2d70abe3be905c903502e806da3d3" title="Calls Function::evaluate of the implemented optimization function." alt="" coords="948,294,1079,318">
<area shape="rect" href="$classPSO.html#4f9d31231c71b309637baabc38dafe8e" title="Return the number of samples to take for the personal best value." alt="" coords="921,342,1105,366">
<area shape="rect" href="$classFunction.html#af172a6b18b99aeeccdc22d408a5fc29" title="Add noise to the position." alt="" coords="1192,198,1347,222">
<area shape="rect" href="$classFunction.html#f19cf9d966785fd17c0c0b94d5483d99" title="Scale value with noise." alt="" coords="1171,246,1368,270">
<area shape="rect" href="$classFunction.html#ecbc9e3a5181a8ba35af8c60a3b28c11" title="Add noise to the value." alt="" coords="1193,294,1345,318">
<area shape="rect" href="$classFunction.html#159260a1fc3afa8932491e4057b6b844" title="The evaluation function has to be present, since it is the decisive part of the function..." alt="" coords="1205,342,1333,366">
<area shape="rect" href="$classPsoStatistics.html#b2d2a9dcc6d8768be003c8a32d99c308" title="PsoStatistics::evaluated" alt="" coords="1188,390,1351,414">
<area shape="rect" href="$classFunction.html#5d1c101ec674fb9c792fe119897693ff" title="Function::getNoiseStyle" alt="" coords="1189,438,1349,462">
<area shape="rect" href="$tools_8cpp.html#4e18622b1241fd9510728a92cc37c471" title="Return gaussian distributed double from [0;1)." alt="" coords="1429,246,1571,270">
