<area shape="rect" href="$classSwarm.html#849d8809ea9c26d9bc0010968bf1020c" title="Calculate the diversity." alt="" coords="391,53,561,77">
<area shape="rect" href="$classSwarm.html#e0647f4af56497d936dafc35aa7989bf" title="Compare iteration best particle to the global best and update." alt="" coords="679,880,799,904">
<area shape="rect" href="$classSwarm.html#a7bea159365345bccd57ac10f06e812b" title="All the particles in the swarm evaluate their current position." alt="" coords="405,300,547,324">
<area shape="rect" href="$classPSO.html#134b1281d2b1216a2090217c21aff309" title="Return the current step of the optimization." alt="" coords="197,349,299,373">
<area shape="rect" href="$classPSO.html#c35d78fd4c2c2b2d4f7b4e48f9a81578" title="Called by the swarm, after an iteration is done." alt="" coords="181,612,315,636">
<area shape="rect" href="$classSwarm.html#41d6aa35d312751a1f9cb6977a545beb" title="All the particles in the swarm are moved." alt="" coords="197,1023,299,1047">
<area shape="rect" href="$classSwarm.html#40a832e5094cc0bef13d9c6ab83b98c5" title="Determine the current mean position of the swarm." alt="" coords="383,152,569,176">
<area shape="rect" href="$classScoutSwarm.html#0a3e4d9f343702e42a6cb64349a25711" title="The velocities of the birds are updated." alt="" coords="396,200,556,224">
<area shape="rect" href="$tools_8cpp.html#a9e6ed8a690638455cc83a18b1755042" title="euclideanDistance" alt="" coords="675,5,803,29">
<area shape="rect" href="$classBird.html#278525c49e07d167335c9fdfdcc4c16b" title="Return the current position." alt="" coords="692,53,785,77">
<area shape="rect" href="$classPsoStatistics.html#22645aac349492460cb782a7c87ed3f4" title="For noisy functions, the value at the best perceived position." alt="" coords="888,833,1117,857">
<area shape="rect" href="$classPsoStatistics.html#1d3cbd813114a32bf18cc71c6a86251e" title="PsoStatistics::addGlobalBest" alt="" coords="907,881,1099,905">
<area shape="rect" href="$classPSO.html#f4a2d70abe3be905c903502e806da3d3" title="Calls Function::evaluate of the implemented optimization function." alt="" coords="937,720,1068,744">
<area shape="rect" href="$classBird.html#ce844c5f8c4b379fcbf7dac32689d651" title="Return the personal best position." alt="" coords="943,929,1063,953">
<area shape="rect" href="$classBird.html#9e93d67d4232ccd557f4e4293ebbe8f5" title="Return the function value of the personal best position." alt="" coords="939,785,1067,809">
<area shape="rect" href="$classPSO.html#9a41fda12a9a5a81b97fc5183620f77b" title="Comparsion function depending on the kind of optimization problem (max, min)." alt="" coords="952,659,1053,683">
<area shape="rect" href="$classFunction.html#af172a6b18b99aeeccdc22d408a5fc29" title="Add noise to the position." alt="" coords="1188,600,1343,624">
<area shape="rect" href="$classFunction.html#f19cf9d966785fd17c0c0b94d5483d99" title="Scale value with noise." alt="" coords="1167,648,1364,672">
<area shape="rect" href="$classFunction.html#ecbc9e3a5181a8ba35af8c60a3b28c11" title="Add noise to the value." alt="" coords="1189,696,1341,720">
<area shape="rect" href="$classFunction.html#159260a1fc3afa8932491e4057b6b844" title="The evaluation function has to be present, since it is the decisive part of the function..." alt="" coords="1201,744,1329,768">
<area shape="rect" href="$classPsoStatistics.html#b2d2a9dcc6d8768be003c8a32d99c308" title="PsoStatistics::evaluated" alt="" coords="1184,792,1347,816">
<area shape="rect" href="$classFunction.html#5d1c101ec674fb9c792fe119897693ff" title="Function::getNoiseStyle" alt="" coords="1185,840,1345,864">
<area shape="rect" href="$classPsoStatistics.html#6ff0044f38bab5187ac001bce0d73a5d" title="PsoStatistics::addAverage" alt="" coords="651,395,827,419">
<area shape="rect" href="$classPsoStatistics.html#05194411c59d0027efa884a4cee08fd3" title="PsoStatistics::addIterationBest" alt="" coords="637,443,840,467">
<area shape="rect" href="$classBird.html#1bd5c0e3711cd3aae93a0eeee0fd6c15" title="Evaluate the function at the current position and store new best value." alt="" coords="668,683,809,707">
<area shape="rect" href="$classPsoStatistics.html#d3e52ecec8fefe72150dd6b53abe6c12" title="PsoStatistics::finishAverage" alt="" coords="645,491,832,515">
<area shape="rect" href="$classBird.html#bf844d57c7542b2bd8dba8d8aae84b96" title="Return the function value at the current position." alt="" coords="667,539,811,563">
<area shape="rect" href="$classPSO.html#e6edebe0b4bb447c95b9ec8c4846daa0" title="Return the worst evaluation value, depending on (max, min) problem." alt="" coords="689,587,788,611">
<area shape="rect" href="$classPsoStatistics.html#f6a8ad5a404e02507a2e8bbaa1235c0f" title="PsoStatistics::initAverage" alt="" coords="653,299,824,323">
<area shape="rect" href="$tools_8cpp.html#d7aa76daee98b16913a0e7f380896510" title="printVec" alt="" coords="705,347,772,371">
<area shape="rect" href="$classPsoStatistics.html#7f0b1661dfa4627c0e2e15020ab6b83e" title="PsoStatistics::getCurrentStep" alt="" coords="379,348,573,372">
<area shape="rect" href="$classPsoStatistics.html#1fd7ea6e68ab77ad741a0dea3a26012e" title="Log the current function error." alt="" coords="377,444,575,468">
<area shape="rect" href="$movpeaks_8c.html#b7b884e48cda58a8d8278e17fcb1ab68" title="get_current_error" alt="" coords="416,492,536,516">
<area shape="rect" href="$classPsoStatistics.html#da296b91e976a0d5789e7a79e4b1dccf" title="PsoStatistics::getActualGlobalBest" alt="" coords="363,540,589,564">
<area shape="rect" href="$classFunction.html#e6d1592d71358ccb6b1cab1e694ed52b" title="Returns the goal value, given by the benchmark." alt="" coords="415,588,537,612">
<area shape="rect" href="$classFunction.html#cf92330874c4783b53c2d61733d418e5" title="Returns the global optimum value." alt="" coords="417,636,535,660">
<area shape="rect" href="$classPSO.html#73b6f8b856198c230a8e8820c0ff9754" title="PSO::getSwarm" alt="" coords="419,684,533,708">
<area shape="rect" href="$classPsoStatistics.html#5a4bd7d3c0f620a4441263aa366c7ef9" title="Called by PSO if the given goal for the optimization function is reached." alt="" coords="385,732,567,756">
<area shape="rect" href="$classPSO.html#d1599ea09344d65e4aaa533edafebd39" title="Comparsion function depending on the kind of optimization problem (max, min)." alt="" coords="408,780,544,804">
<area shape="rect" href="$classSwarm.html#a76268fe09067ed70b04d8bd9d487a22" title="Swarm::localSearch" alt="" coords="408,828,544,852">
<area shape="rect" href="$classPsoStatistics.html#032e6c1d794cf3c6dd083c20d3a6ad17" title="Called by PSO if the given optimum value for the optimization function is reached..." alt="" coords="388,876,564,900">
<area shape="rect" href="$classPsoStatistics.html#6eeabeed3d61750743e14c6edadffd6d" title="Increase psoStep." alt="" coords="384,924,568,948">
<area shape="rect" href="$classFunction.html#31bae656cf84683529a1a8c19c9f0a67" title="Change the function behaviour, for dynamic functions." alt="" coords="417,396,535,420">
<area shape="rect" href="$classPSO.html#9da7242360b57a226143a6b60547021b" title="The dimension of the search space is returned." alt="" coords="687,152,791,176">
<area shape="rect" href="$classPSO.html#04484a7607a0bafc3b66f5de4609568d" title="perform a local search around the passed bird&#39;s best position" alt="" coords="676,635,801,659">
<area shape="rect" href="$classBird.html#1899bc1ad99de27864b35d509f87ef96" title="Set the personal best position." alt="" coords="679,781,799,805">
<area shape="rect" href="$tools_8cpp.html#9ace512de549f107381a747c6677e990" title="Wrapper to GSL Function call." alt="" coords="941,345,1064,369">
<area shape="rect" href="$classBird.html#927de56d5f04e630f71d5488e57ee7ac" title="Move with current velocity." alt="" coords="435,1023,517,1047">
<area shape="rect" href="$classBird.html#96328be626963fe73475a97290ffb54c" title="Update velocity according to global best." alt="" coords="671,200,807,224">
