<area shape="rect" href="$classpso_1_1Ackley.html" title="pso::Ackley" alt="" coords="316,6,407,30">
<area shape="rect" href="$classpso_1_1Freudenstein.html" title="pso::Freudenstein" alt="" coords="299,54,424,78">
<area shape="rect" href="$classpso_1_1FunctionPtr.html" title="pso::FunctionPtr" alt="" coords="303,102,420,126">
<area shape="rect" href="$classpso_1_1Griewank.html" title="pso::Griewank" alt="" coords="309,150,413,174">
<area shape="rect" href="$classpso_1_1Levy5.html" title="pso::Levy5" alt="" coords="319,198,404,222">
<area shape="rect" href="$classpso_1_1MovingGoal.html" title="pso::MovingGoal" alt="" coords="301,246,421,270">
<area shape="rect" href="$classpso_1_1MovingPeaks.html" title="pso::MovingPeaks" alt="" coords="297,294,425,318">
<area shape="rect" href="$classpso_1_1Quadric.html" title="pso::Quadric" alt="" coords="313,342,409,366">
<area shape="rect" href="$classpso_1_1Rastrigin.html" title="pso::Rastrigin" alt="" coords="311,390,412,414">
<area shape="rect" href="$classpso_1_1Rosenbrock.html" title="pso::Rosenbrock" alt="" coords="301,438,421,462">
<area shape="rect" href="$classpso_1_1Schaffer.html" title="pso::Schaffer" alt="" coords="312,486,411,510">
<area shape="rect" href="$classpso_1_1Schwefel.html" title="pso::Schwefel" alt="" coords="309,534,413,558">
<area shape="rect" href="$classpso_1_1Sinusoidal.html" title="pso::Sinusoidal" alt="" coords="307,582,416,606">
<area shape="rect" href="$classpso_1_1Sphere.html" title="pso::Sphere" alt="" coords="316,630,407,654">
<area shape="rect" href="$classpso_1_1__object.html" title="pso::_object" alt="" coords="7,318,97,342">
<area shape="rect" href="$classpso_1_1AckleyPtr.html" title="pso::AckleyPtr" alt="" coords="495,6,601,30">
<area shape="rect" href="$classpso_1_1FreudensteinPtr.html" title="pso::FreudensteinPtr" alt="" coords="477,54,619,78">
<area shape="rect" href="$classpso_1_1GriewankPtr.html" title="pso::GriewankPtr" alt="" coords="488,150,608,174">
<area shape="rect" href="$classpso_1_1Levy5Ptr.html" title="pso::Levy5Ptr" alt="" coords="497,198,599,222">
<area shape="rect" href="$classpso_1_1MovingGoalPtr.html" title="pso::MovingGoalPtr" alt="" coords="480,246,616,270">
<area shape="rect" href="$classpso_1_1MovingPeaksPtr.html" title="pso::MovingPeaksPtr" alt="" coords="475,294,621,318">
<area shape="rect" href="$classpso_1_1QuadricPtr.html" title="pso::QuadricPtr" alt="" coords="492,342,604,366">
<area shape="rect" href="$classpso_1_1RastriginPtr.html" title="pso::RastriginPtr" alt="" coords="489,390,607,414">
<area shape="rect" href="$classpso_1_1RosenbrockPtr.html" title="pso::RosenbrockPtr" alt="" coords="480,438,616,462">
<area shape="rect" href="$classpso_1_1SchafferPtr.html" title="pso::SchafferPtr" alt="" coords="491,486,605,510">
<area shape="rect" href="$classpso_1_1SchwefelPtr.html" title="pso::SchwefelPtr" alt="" coords="488,534,608,558">
<area shape="rect" href="$classpso_1_1SinusoidalPtr.html" title="pso::SinusoidalPtr" alt="" coords="484,582,612,606">
<area shape="rect" href="$classpso_1_1SpherePtr.html" title="pso::SpherePtr" alt="" coords="495,630,601,654">
