<area shape="rect" href="$classPsoStatistics.html#3d49bfd4ef524a1e00bdc3fd60fec100" title="Log the gbest in the divided DynamicPyramidSwarm." alt="" coords="296,18,531,42">
<area shape="rect" href="$classSwarm.html#849d8809ea9c26d9bc0010968bf1020c" title="Calculate the diversity." alt="" coords="328,114,499,138">
<area shape="rect" href="$classPyramidSwarm.html#41331a3f455fcbd596989f79715b1b8b" title="Calculate the diversity for the individual subtrees." alt="" coords="281,237,545,261">
<area shape="rect" href="$classSwarm.html#e0647f4af56497d936dafc35aa7989bf" title="Compare iteration best particle to the global best and update." alt="" coords="707,373,827,397">
<area shape="rect" href="$classDynamicPyramidSwarm.html#ae6437872484ff8baa443d3c2beee820" title="Apply detection method for changed environment." alt="" coords="264,1648,563,1672">
<area shape="rect" href="$classPsoStatistics.html#7f0b1661dfa4627c0e2e15020ab6b83e" title="PsoStatistics::getCurrentStep" alt="" coords="984,1797,1179,1821">
<area shape="rect" href="$classDynamicPyramidSwarm.html#22575508717d5555be45f05efaa8ee3e" title="According to the pyramid hierarchy the birds are compared and swapped within the..." alt="" coords="249,1106,577,1130">
<area shape="rect" href="$classDynamicPyramidSwarm.html#64639e24390ed1c07f615c979f1595bf" title="The velocities of the birds are updated within the respective sub&#45;swarm." alt="" coords="633,1450,900,1474">
<area shape="rect" href="$classSwarm.html#a7bea159365345bccd57ac10f06e812b" title="All the particles in the swarm evaluate their current position." alt="" coords="343,640,484,664">
<area shape="rect" href="$classPSO.html#b39abf541d9a73383613ebc507f07a2c" title="PSO::getDynamicStyle" alt="" coords="336,1792,491,1816">
<area shape="rect" href="$classBird.html#4da69cbb9543c97cde515d3ec54a1c4d" title="Return the index." alt="" coords="363,1840,464,1864">
<area shape="rect" href="$classPyramidSwarm.html#756af67d13a153ab3d2581673733b474" title="Returns the pyramid level that bird_i is on." alt="" coords="295,1888,532,1912">
<area shape="rect" href="$classPyramidSwarm.html#19babda715f51c14151187e83eb39627" title="Returns the pyramid subswarm that bird_i is on." alt="" coords="280,1936,547,1960">
<area shape="rect" href="$classPSO.html#134b1281d2b1216a2090217c21aff309" title="Return the current step of the optimization." alt="" coords="363,1696,464,1720">
<area shape="rect" href="$classPyramidSwarm.html#cd664c6c7399497eeb45aeade60835ab" title="According to the pyramid hierarchy the birds are compared and swapped." alt="" coords="296,1277,531,1301">
<area shape="rect" href="$classPSO.html#c35d78fd4c2c2b2d4f7b4e48f9a81578" title="Called by the swarm, after an iteration is done." alt="" coords="347,1744,480,1768">
<area shape="rect" href="$classSwarm.html#41d6aa35d312751a1f9cb6977a545beb" title="All the particles in the swarm are moved." alt="" coords="363,1984,464,2008">
<area shape="rect" href="$classDynamicPyramidSwarm.html#fbbb06914f9500603fee564415d976ae" title="Respond to the change in the environment." alt="" coords="277,2032,549,2056">
<area shape="rect" href="$classPyramidSwarm.html#08b947b4263eb221c30271fe54f6ae33" title="The levels of the BirdContainers in birdContainerLevels is updated." alt="" coords="631,1546,903,1570">
<area shape="rect" href="$classSwarm.html#40a832e5094cc0bef13d9c6ab83b98c5" title="Determine the current mean position of the swarm." alt="" coords="320,66,507,90">
<area shape="rect" href="$classPyramidSwarm.html#4f43e6459e6fede3785780facb4c5e1f" title="The velocities of the birds are updated." alt="" coords="680,1498,853,1522">
<area shape="rect" href="$tools_8cpp.html#a9e6ed8a690638455cc83a18b1755042" title="euclideanDistance" alt="" coords="703,77,831,101">
<area shape="rect" href="$classBird.html#278525c49e07d167335c9fdfdcc4c16b" title="Return the current position." alt="" coords="1035,126,1128,150">
<area shape="rect" href="$classPyramidSwarm.html#c88d70f33dee3ffa27d63e2877c8a8ad" title="Returns the pyramid subtree that bird_i is on." alt="" coords="956,300,1207,324">
<area shape="rect" href="$tools_8cpp.html#5112f83bc0660a5a31f59132cfc50716" title="Wrapper to GSL Function call." alt="" coords="717,176,816,200">
<area shape="rect" href="$classPyramidSwarm.html#113cc1a3ee99a45c346fd3018a20ea7b" title="Determine the current mean position of the subtree or the given randomSet." alt="" coords="627,274,907,298">
<area shape="rect" href="$classPsoStatistics.html#22645aac349492460cb782a7c87ed3f4" title="For noisy functions, the value at the best perceived position." alt="" coords="967,361,1196,385">
<area shape="rect" href="$classPsoStatistics.html#1d3cbd813114a32bf18cc71c6a86251e" title="PsoStatistics::addGlobalBest" alt="" coords="985,409,1177,433">
<area shape="rect" href="$classPSO.html#f4a2d70abe3be905c903502e806da3d3" title="Calls Function::evaluate of the implemented optimization function." alt="" coords="1016,650,1147,674">
<area shape="rect" href="$classBird.html#ce844c5f8c4b379fcbf7dac32689d651" title="Return the personal best position." alt="" coords="1021,505,1141,529">
<area shape="rect" href="$classBird.html#9e93d67d4232ccd557f4e4293ebbe8f5" title="Return the function value of the personal best position." alt="" coords="1017,760,1145,784">
<area shape="rect" href="$classPSO.html#9a41fda12a9a5a81b97fc5183620f77b" title="Comparsion function depending on the kind of optimization problem (max, min)." alt="" coords="1031,833,1132,857">
<area shape="rect" href="$classSwarm.html#2ff0a2521e41d8b26e031e5a08c583b5" title="Apply detection method for changed environment." alt="" coords="667,1797,867,1821">
<area shape="rect" href="$classtree.html#76b3a629c0208d5ae5b4ffcd4492e05e" title="tree::begin" alt="" coords="1040,1426,1123,1450">
<area shape="rect" href="$classtree.html#16c66be75ca89c999a9c4a68497b05a1" title="tree::depth" alt="" coords="1040,1352,1123,1376">
<area shape="rect" href="$classtree.html#0d09fe9fd34fbfc9c9e4e28cb694448e" title="tree::end" alt="" coords="1045,1522,1117,1546">
<area shape="rect" href="$classPSO.html#e6edebe0b4bb447c95b9ec8c4846daa0" title="Return the worst evaluation value, depending on (max, min) problem." alt="" coords="717,906,816,930">
<area shape="rect" href="$classPSO.html#f76be383f4e2360d2de466eeb6955af1" title="PSO::getNoiseStyle" alt="" coords="697,1202,836,1226">
<area shape="rect" href="$classPSO.html#21328296d8a9c44a0cbef8f4f32d632e" title="Only if pbest is better than the predecessor, the re&#45;evaluation is done." alt="" coords="637,1154,896,1178">
<area shape="rect" href="$classSwarm.html#37d9b1abc4dac92ed426bcc50912fc76" title="check whether the new position is better &#45;&#45; in the precense of noise" alt="" coords="683,760,851,784">
<area shape="rect" href="$classPyramidSwarm.html#6c186db55b8f8b65b5a598c6a45ae72e" title="Formatted output of the pyramid." alt="" coords="672,1352,861,1376">
<area shape="rect" href="$classPyramidSwarm.html#c6d4a660c91549b01bb868f29a3570a9" title="Two nodes of the pyramid are swapped." alt="" coords="693,1106,840,1130">
<area shape="rect" href="$classPsoStatistics.html#6ff0044f38bab5187ac001bce0d73a5d" title="PsoStatistics::addAverage" alt="" coords="679,520,855,544">
<area shape="rect" href="$classPsoStatistics.html#05194411c59d0027efa884a4cee08fd3" title="PsoStatistics::addIterationBest" alt="" coords="665,616,868,640">
<area shape="rect" href="$classBird.html#1bd5c0e3711cd3aae93a0eeee0fd6c15" title="Evaluate the function at the current position and store new best value." alt="" coords="696,808,837,832">
<area shape="rect" href="$classPsoStatistics.html#d3e52ecec8fefe72150dd6b53abe6c12" title="PsoStatistics::finishAverage" alt="" coords="673,664,860,688">
<area shape="rect" href="$classBird.html#bf844d57c7542b2bd8dba8d8aae84b96" title="Return the function value at the current position." alt="" coords="695,712,839,736">
<area shape="rect" href="$classPsoStatistics.html#f6a8ad5a404e02507a2e8bbaa1235c0f" title="PsoStatistics::initAverage" alt="" coords="681,421,852,445">
<area shape="rect" href="$tools_8cpp.html#d7aa76daee98b16913a0e7f380896510" title="printVec" alt="" coords="733,568,800,592">
