<area shape="rect" href="$classPyramidSwarm.html" title="The PyramidSwarm implements the hierarchical version of Swarm." alt="" coords="31,294,140,318">
<area shape="rect" href="$classSwarm.html" title="The Swarm class containing and controlling the individual birds." alt="" coords="263,198,324,222">
<area shape="rect" href="$classBird.html" title="The individual bird." alt="" coords="272,390,315,414">
<area shape="rect" href="$classPSO.html" title="The Particle Swarm Optimization algorithm." alt="" coords="412,294,460,318">
<area shape="rect" href="$classPsoStatistics.html" title="All of the data for evaluation is collected here." alt="" coords="407,198,505,222">
<area shape="rect" href="$classFunction.html" title="The optimized function." alt="" coords="529,198,601,222">
<area shape="rect" href="$classSequenceGenerator.html" title="Generate a reproducable sequence." alt="" coords="497,94,633,118">
<area shape="rect" href="$classtree.html" title="tree\&lt; BirdContainer \&gt;" alt="" coords="13,198,157,222">
<area shape="rect" href="$classtree__node__.html" title="tree_node_\&lt; T \&gt;" alt="" coords="27,94,144,118">
