<area shape="rect" href="$classSwarm.html#1f6eec525de52241c5b1272a07361e20" title="Swarm::get_detectionMethod" alt="" coords="201,6,391,30">
<area shape="rect" href="$classFunction.html#ea2630ebec2607a174840b321597a944" title="Returns the moveDistance for the optimization function." alt="" coords="203,54,389,78">
<area shape="rect" href="$classFunction.html#56b76e8cc2d8fc7abb79f1e0110597fb" title="Returns the moveFrequency for the optimization function." alt="" coords="197,102,395,126">
<area shape="rect" href="$classFunction.html#33fd72428c3ffe097f282d5172b6a512" title="Returns the optimumMoveStyle for the optimization function." alt="" coords="204,150,388,174">
<area shape="rect" href="$classSwarm.html#eee2a8aaef1290bf85df295881aab486" title="Swarm::get_responseMethod" alt="" coords="201,198,391,222">
<area shape="rect" href="$classFunction.html#dfeaef589691aea723b6b713763b37be" title="Returns the updateStyle (periodic, onGoal) for the optimization function." alt="" coords="209,246,383,270">
<area shape="rect" href="$classFunction.html#6b8d4f0e5f160a7ead82d28c96046955" title="Function::getDynamicStyle" alt="" coords="207,294,385,318">
<area shape="rect" href="$classFunction.html#b91fde86475670d74b292373558f8c94" title="Function::getNoiseSigma" alt="" coords="212,342,380,366">
<area shape="rect" href="$classFunction.html#5d1c101ec674fb9c792fe119897693ff" title="Function::getNoiseStyle" alt="" coords="216,390,376,414">
