<area shape="rect" href="$classPyramidSwarm.html#23f4681fcd5ba0151ee4abc7c0143889" title="The already created birds (Swarm::createSwarm) are put into the pyramid hierarchy..." alt="" coords="260,169,460,193">
<area shape="rect" href="$classPSO.html#9da7242360b57a226143a6b60547021b" title="The dimension of the search space is returned." alt="" coords="593,303,697,327">
<area shape="rect" href="$classPyramidSwarm.html#08b947b4263eb221c30271fe54f6ae33" title="The levels of the BirdContainers in birdContainerLevels is updated." alt="" coords="509,60,781,84">
<area shape="rect" href="$classSwarm.html#40a832e5094cc0bef13d9c6ab83b98c5" title="Determine the current mean position of the swarm." alt="" coords="267,303,453,327">
<area shape="rect" href="$classtree.html#8d68e95f5088d48cb54fd6ae381729f0" title="tree::append_child" alt="" coords="581,207,709,231">
<area shape="rect" href="$classtree.html#76b3a629c0208d5ae5b4ffcd4492e05e" title="tree::begin" alt="" coords="893,156,976,180">
<area shape="rect" href="$classtree.html#16c66be75ca89c999a9c4a68497b05a1" title="tree::depth" alt="" coords="893,60,976,84">
<area shape="rect" href="$classtree.html#c3d19d3a42f91618267674f2c236aad9" title="tree::insert" alt="" coords="604,255,687,279">
<area shape="rect" href="$classPyramidSwarm.html#6c186db55b8f8b65b5a598c6a45ae72e" title="Formatted output of the pyramid." alt="" coords="551,108,740,132">
<area shape="rect" href="$namespacekp.html#d1c6c23984a78bfc8336c7ca244d6f1c" title="kp::constructor" alt="" coords="881,231,988,255">
<area shape="rect" href="$classtree.html#0d09fe9fd34fbfc9c9e4e28cb694448e" title="tree::end" alt="" coords="899,108,971,132">
<area shape="rect" href="$classPyramidSwarm.html#651f505aa4513559e87f2481ea259443" title="Returns the height including possibly added extra nodes for irregular pyramid." alt="" coords="831,12,1039,36">
<area shape="rect" href="$classBird.html#278525c49e07d167335c9fdfdcc4c16b" title="Return the current position." alt="" coords="599,351,692,375">
