<area shape="rect" href="$classPsoStatistics.html#84f90498fd9477122cf1dd5541a18691" title="PsoStatistics::changeDetected" alt="" coords="287,6,487,30">
<area shape="rect" href="$classPsoStatistics.html#7f0b1661dfa4627c0e2e15020ab6b83e" title="PsoStatistics::getCurrentStep" alt="" coords="289,54,484,78">
<area shape="rect" href="$classPSO.html#9f0b500a00467d6a2332f2094d585245" title="For hierachyChangeDetect at what number of swaps a change is detected." alt="" coords="255,102,519,126">
<area shape="rect" href="$classPsoStatistics.html#fbff3218d9cf6a42ba38ac14d9c92fdd" title="Get the number of swaps in PyramidSwarm at step." alt="" coords="285,150,488,174">
<area shape="rect" href="$classSwarm.html#75d0b85dc6fa2ec069f1580e0386faee" title="Required for DynamicPyramidSwarm." alt="" coords="325,198,448,222">
<area shape="rect" href="$classPSO.html#7407b0e27405a6d49159ff8afb0d2e18" title="If a change of the dynamic function has occured in the current iteration." alt="" coords="305,246,468,270">
<area shape="rect" href="$classBird.html#d727d4ff5f291fa2098dbc9f609ed05b" title="For dynamic functions the function value of the personal best position is updated..." alt="" coords="312,294,461,318">
<area shape="rect" href="$classPsoStatistics.html#891f35f4f6e8a29f47b4e8537ba23e4b" title="Get the number of all swaps in PyramidSwarm until step." alt="" coords="568,150,760,174">
<area shape="rect" href="$classPsoStatistics.html#510212cbbf51016b23b7fa5137da665d" title="Get the number of swaps until step in the given level of PyramidSwarm." alt="" coords="809,150,1031,174">
<area shape="rect" href="$classPSO.html#f4a2d70abe3be905c903502e806da3d3" title="Calls Function::evaluate of the implemented optimization function." alt="" coords="599,294,729,318">
<area shape="rect" href="$classPSO.html#4f9d31231c71b309637baabc38dafe8e" title="Return the number of samples to take for the personal best value." alt="" coords="572,342,756,366">
<area shape="rect" href="$classFunction.html#af172a6b18b99aeeccdc22d408a5fc29" title="Add noise to the position." alt="" coords="843,198,997,222">
<area shape="rect" href="$classFunction.html#f19cf9d966785fd17c0c0b94d5483d99" title="Scale value with noise." alt="" coords="821,246,1019,270">
<area shape="rect" href="$classFunction.html#ecbc9e3a5181a8ba35af8c60a3b28c11" title="Add noise to the value." alt="" coords="844,294,996,318">
<area shape="rect" href="$classFunction.html#159260a1fc3afa8932491e4057b6b844" title="The evaluation function has to be present, since it is the decisive part of the function..." alt="" coords="856,342,984,366">
<area shape="rect" href="$classPsoStatistics.html#b2d2a9dcc6d8768be003c8a32d99c308" title="PsoStatistics::evaluated" alt="" coords="839,390,1001,414">
<area shape="rect" href="$classFunction.html#5d1c101ec674fb9c792fe119897693ff" title="Function::getNoiseStyle" alt="" coords="840,438,1000,462">
<area shape="rect" href="$tools_8cpp.html#4e18622b1241fd9510728a92cc37c471" title="Return gaussian distributed double from [0;1)." alt="" coords="1080,246,1221,270">
