<area shape="rect" href="$classtree.html#8d68e95f5088d48cb54fd6ae381729f0" title="tree::append_child" alt="" coords="355,16,483,40">
<area shape="rect" href="$classtree_1_1iterator__base.html#7fad2f6cc1a6a667b5c71bb16c9b84e5" title="tree::iterator_base::begin" alt="" coords="141,40,307,64">
<area shape="rect" href="$classtree_1_1iterator__base.html#399dabd62f0659c02bfda59b26bdeefe" title="tree::iterator_base::end" alt="" coords="147,88,301,112">
<area shape="rect" href="$classtree.html#d66d55d58b48ce0a8d7a5b41abe923d5" title="tree::insert_subtree" alt="" coords="157,136,291,160">
<area shape="rect" href="$classtree.html#aaaa1622d2d58ecda846640bd8f8bd28" title="tree::parent" alt="" coords="180,184,268,208">
<area shape="rect" href="$namespacekp.html#d1c6c23984a78bfc8336c7ca244d6f1c" title="kp::constructor" alt="" coords="532,88,639,112">
<area shape="rect" href="$classtree.html#c3d19d3a42f91618267674f2c236aad9" title="tree::insert" alt="" coords="377,88,460,112">
<area shape="rect" href="$classtree.html#4885e968c82655ebebea5d0927b7e9f4" title="tree::replace" alt="" coords="372,136,465,160">
<area shape="rect" href="$namespacekp.html#a6813c11eeb1c091cdd1eff62de70914" title="kp::destructor" alt="" coords="535,136,636,160">
