<area shape="rect" href="$classSwarm.html#b90bce798796c7b9cee3322e7531df34" title="Swarm::set_detectionMethod" alt="" coords="252,6,441,30">
<area shape="rect" href="$classFunction.html#36161c4387e7d67a916d86863c807e18" title="Set the moveDistance for the optimization function during runtime." alt="" coords="253,54,440,78">
<area shape="rect" href="$classFunction.html#f2ec150f2e16d03e7ecb11f28edae9d7" title="Set the moveFrequency for the optimization function during runtime." alt="" coords="248,102,445,126">
<area shape="rect" href="$classFunction.html#926edbee9ecdb70a054375c12d86dbb9" title="Set the optimumMoveStyle for the optimization function during runtime." alt="" coords="255,150,439,174">
<area shape="rect" href="$classSwarm.html#896cd984569235391fc53353d87a9337" title="Swarm::set_responseMethod" alt="" coords="252,198,441,222">
<area shape="rect" href="$classFunction.html#43f22a89270d1fb80a9e5cd97199edf8" title="Set the updateStyle for the optimization function during runtime." alt="" coords="260,246,433,270">
<area shape="rect" href="$classSequenceGenerator.html#31904303f64c5adcf91d924b41c71a80" title="Wrapper to GSL Function call." alt="" coords="493,102,715,126">
