<area shape="rect" href="$classSwarm.html#849d8809ea9c26d9bc0010968bf1020c" title="Calculate the diversity." alt="" coords="401,547,572,571">
<area shape="rect" href="$classRingSwarm.html#0c1b5e24190746a5880d95cf6dd16a15" title="Within a ringnode the birds are compared." alt="" coords="415,155,559,179">
<area shape="rect" href="$classRingSwarm.html#37763e20c628ea4d47c2ddc5d0a2d985" title="Between two ring nodes the better bestBird is passed on." alt="" coords="664,29,835,53">
<area shape="rect" href="$classSwarm.html#a7bea159365345bccd57ac10f06e812b" title="All the particles in the swarm evaluate their current position." alt="" coords="416,445,557,469">
<area shape="rect" href="$classPSO.html#134b1281d2b1216a2090217c21aff309" title="Return the current step of the optimization." alt="" coords="199,644,300,668">
<area shape="rect" href="$classPSO.html#c35d78fd4c2c2b2d4f7b4e48f9a81578" title="Called by the swarm, after an iteration is done." alt="" coords="183,907,316,931">
<area shape="rect" href="$classSwarm.html#41d6aa35d312751a1f9cb6977a545beb" title="All the particles in the swarm are moved." alt="" coords="199,1039,300,1063">
<area shape="rect" href="$classSwarm.html#40a832e5094cc0bef13d9c6ab83b98c5" title="Determine the current mean position of the swarm." alt="" coords="393,595,580,619">
<area shape="rect" href="$classRingSwarm.html#6af7a38a18e36ee6dfb3b6e4524f9da9" title="The velocities of the birds are updated." alt="" coords="173,1255,325,1279">
<area shape="rect" href="$tools_8cpp.html#a9e6ed8a690638455cc83a18b1755042" title="euclideanDistance" alt="" coords="685,664,813,688">
<area shape="rect" href="$classBird.html#278525c49e07d167335c9fdfdcc4c16b" title="Return the current position." alt="" coords="703,712,796,736">
<area shape="rect" href="$classBird.html#9e93d67d4232ccd557f4e4293ebbe8f5" title="Return the function value of the personal best position." alt="" coords="931,128,1059,152">
<area shape="rect" href="$classBird.html#bf844d57c7542b2bd8dba8d8aae84b96" title="Return the function value at the current position." alt="" coords="677,179,821,203">
<area shape="rect" href="$classPSO.html#9a41fda12a9a5a81b97fc5183620f77b" title="Comparsion function depending on the kind of optimization problem (max, min)." alt="" coords="944,228,1045,252">
<area shape="rect" href="$classPsoStatistics.html#1d3cbd813114a32bf18cc71c6a86251e" title="PsoStatistics::addGlobalBest" alt="" coords="899,53,1091,77">
<area shape="rect" href="$classPsoStatistics.html#c9c254251cc94ff10cd386024aa9596d" title="PsoStatistics::swapped" alt="" coords="916,5,1073,29">
<area shape="rect" href="$classPsoStatistics.html#6ff0044f38bab5187ac001bce0d73a5d" title="PsoStatistics::addAverage" alt="" coords="661,373,837,397">
<area shape="rect" href="$classPsoStatistics.html#05194411c59d0027efa884a4cee08fd3" title="PsoStatistics::addIterationBest" alt="" coords="648,421,851,445">
<area shape="rect" href="$classBird.html#1bd5c0e3711cd3aae93a0eeee0fd6c15" title="Evaluate the function at the current position and store new best value." alt="" coords="679,565,820,589">
<area shape="rect" href="$classPSO.html#f4a2d70abe3be905c903502e806da3d3" title="Calls Function::evaluate of the implemented optimization function." alt="" coords="929,615,1060,639">
<area shape="rect" href="$classPsoStatistics.html#d3e52ecec8fefe72150dd6b53abe6c12" title="PsoStatistics::finishAverage" alt="" coords="656,469,843,493">
<area shape="rect" href="$classPSO.html#e6edebe0b4bb447c95b9ec8c4846daa0" title="Return the worst evaluation value, depending on (max, min) problem." alt="" coords="700,517,799,541">
<area shape="rect" href="$classPsoStatistics.html#f6a8ad5a404e02507a2e8bbaa1235c0f" title="PsoStatistics::initAverage" alt="" coords="664,277,835,301">
<area shape="rect" href="$tools_8cpp.html#d7aa76daee98b16913a0e7f380896510" title="printVec" alt="" coords="716,325,783,349">
<area shape="rect" href="$classFunction.html#af172a6b18b99aeeccdc22d408a5fc29" title="Add noise to the position." alt="" coords="1161,495,1316,519">
<area shape="rect" href="$classFunction.html#f19cf9d966785fd17c0c0b94d5483d99" title="Scale value with noise." alt="" coords="1140,543,1337,567">
<area shape="rect" href="$classFunction.html#ecbc9e3a5181a8ba35af8c60a3b28c11" title="Add noise to the value." alt="" coords="1163,591,1315,615">
<area shape="rect" href="$classFunction.html#159260a1fc3afa8932491e4057b6b844" title="The evaluation function has to be present, since it is the decisive part of the function..." alt="" coords="1175,639,1303,663">
<area shape="rect" href="$classPsoStatistics.html#b2d2a9dcc6d8768be003c8a32d99c308" title="PsoStatistics::evaluated" alt="" coords="1157,687,1320,711">
<area shape="rect" href="$classFunction.html#5d1c101ec674fb9c792fe119897693ff" title="Function::getNoiseStyle" alt="" coords="1159,735,1319,759">
<area shape="rect" href="$classPsoStatistics.html#7f0b1661dfa4627c0e2e15020ab6b83e" title="PsoStatistics::getCurrentStep" alt="" coords="389,643,584,667">
<area shape="rect" href="$classPsoStatistics.html#1fd7ea6e68ab77ad741a0dea3a26012e" title="Log the current function error." alt="" coords="388,931,585,955">
<area shape="rect" href="$movpeaks_8c.html#b7b884e48cda58a8d8278e17fcb1ab68" title="get_current_error" alt="" coords="427,979,547,1003">
<area shape="rect" href="$classPsoStatistics.html#da296b91e976a0d5789e7a79e4b1dccf" title="PsoStatistics::getActualGlobalBest" alt="" coords="373,1027,600,1051">
<area shape="rect" href="$classFunction.html#e6d1592d71358ccb6b1cab1e694ed52b" title="Returns the goal value, given by the benchmark." alt="" coords="425,1075,548,1099">
<area shape="rect" href="$classFunction.html#cf92330874c4783b53c2d61733d418e5" title="Returns the global optimum value." alt="" coords="428,1123,545,1147">
<area shape="rect" href="$classPSO.html#73b6f8b856198c230a8e8820c0ff9754" title="PSO::getSwarm" alt="" coords="429,1171,544,1195">
<area shape="rect" href="$classPsoStatistics.html#5a4bd7d3c0f620a4441263aa366c7ef9" title="Called by PSO if the given goal for the optimization function is reached." alt="" coords="396,1219,577,1243">
<area shape="rect" href="$classPSO.html#d1599ea09344d65e4aaa533edafebd39" title="Comparsion function depending on the kind of optimization problem (max, min)." alt="" coords="419,691,555,715">
<area shape="rect" href="$classSwarm.html#a76268fe09067ed70b04d8bd9d487a22" title="Swarm::localSearch" alt="" coords="419,883,555,907">
<area shape="rect" href="$classPsoStatistics.html#032e6c1d794cf3c6dd083c20d3a6ad17" title="Called by PSO if the given optimum value for the optimization function is reached..." alt="" coords="399,739,575,763">
<area shape="rect" href="$classPsoStatistics.html#6eeabeed3d61750743e14c6edadffd6d" title="Increase psoStep." alt="" coords="395,787,579,811">
<area shape="rect" href="$classFunction.html#31bae656cf84683529a1a8c19c9f0a67" title="Change the function behaviour, for dynamic functions." alt="" coords="428,835,545,859">
<area shape="rect" href="$classPSO.html#9da7242360b57a226143a6b60547021b" title="The dimension of the search space is returned." alt="" coords="697,760,801,784">
<area shape="rect" href="$classBird.html#ce844c5f8c4b379fcbf7dac32689d651" title="Return the personal best position." alt="" coords="689,907,809,931">
<area shape="rect" href="$classPSO.html#04484a7607a0bafc3b66f5de4609568d" title="perform a local search around the passed bird&#39;s best position" alt="" coords="687,955,812,979">
<area shape="rect" href="$classBird.html#1899bc1ad99de27864b35d509f87ef96" title="Set the personal best position." alt="" coords="689,859,809,883">
<area shape="rect" href="$classBird.html#927de56d5f04e630f71d5488e57ee7ac" title="Move with current velocity." alt="" coords="445,1267,528,1291">
<area shape="rect" href="$classBird.html#96328be626963fe73475a97290ffb54c" title="Update velocity according to global best." alt="" coords="419,1315,555,1339">
