<area shape="rect" href="$classPSO.html#9da7242360b57a226143a6b60547021b" title="The dimension of the search space is returned." alt="" coords="231,6,335,30">
<area shape="rect" href="$classBird.html#ce844c5f8c4b379fcbf7dac32689d651" title="Return the personal best position." alt="" coords="223,54,343,78">
<area shape="rect" href="$tools_8cpp.html#9ace512de549f107381a747c6677e990" title="Wrapper to GSL Function call." alt="" coords="221,102,344,126">
<area shape="rect" href="$classBird.html#96328be626963fe73475a97290ffb54c" title="Update velocity according to global best." alt="" coords="215,150,351,174">
<area shape="rect" href="$classPSO.html#3ff735011be4811df1ab4d4366f84190" title="Restrict v to vmax." alt="" coords="411,30,539,54">
<area shape="rect" href="$classPSO.html#93bb160787761b05a7a8512771ac0117" title="The c1 parameter is returned." alt="" coords="427,78,523,102">
<area shape="rect" href="$classPSO.html#39340d6c779a00395bca0b293aa081a9" title="The c2 parameter is returned." alt="" coords="427,126,523,150">
<area shape="rect" href="$classPSO.html#13988ca5dfb95908547160ba71cf8c00" title="The constriction factor is returned." alt="" coords="400,174,549,198">
<area shape="rect" href="$classPSO.html#cb91e8b9fd0329a817d7d435ca75c718" title="The w parameter is returned." alt="" coords="429,222,520,246">
<area shape="rect" href="$tools_8cpp.html#f2a7cdf42aa11ce7d0b94e306f4226bc" title="Return double from [0;1)." alt="" coords="432,270,517,294">
<area shape="rect" href="$classSwarm.html#73a690fe6e3d6550098dc8ffc2f977c2" title="Required for PyramidSwarm." alt="" coords="599,222,759,246">
