<area shape="rect" href="$classtree.html#76b3a629c0208d5ae5b4ffcd4492e05e" title="tree::begin" alt="" coords="389,6,472,30">
<area shape="rect" href="$classtree.html#16c66be75ca89c999a9c4a68497b05a1" title="tree::depth" alt="" coords="389,54,472,78">
<area shape="rect" href="$classtree.html#0d09fe9fd34fbfc9c9e4e28cb694448e" title="tree::end" alt="" coords="395,102,467,126">
<area shape="rect" href="$classPSO.html#83130a91287e0dbf1f818bf1b91d382e" title="The optimization function type is returned." alt="" coords="353,150,508,174">
<area shape="rect" href="$classBird.html#ce844c5f8c4b379fcbf7dac32689d651" title="Return the personal best position." alt="" coords="371,198,491,222">
<area shape="rect" href="$classPSO.html#b39abf541d9a73383613ebc507f07a2c" title="PSO::getDynamicStyle" alt="" coords="353,246,508,270">
<area shape="rect" href="$classSwarm.html#7e8309edaf059226c469e7d6a05caddd" title="The bird is re&#45;randomized." alt="" coords="355,342,507,366">
<area shape="rect" href="$classFunction.html#6b8d4f0e5f160a7ead82d28c96046955" title="Function::getDynamicStyle" alt="" coords="557,222,736,246">
<area shape="rect" href="$classPSO.html#9da7242360b57a226143a6b60547021b" title="The dimension of the search space is returned." alt="" coords="595,270,699,294">
<area shape="rect" href="$tools_8cpp.html#9ace512de549f107381a747c6677e990" title="Wrapper to GSL Function call." alt="" coords="585,318,708,342">
<area shape="rect" href="$classBird.html#1899bc1ad99de27864b35d509f87ef96" title="Set the personal best position." alt="" coords="587,366,707,390">
<area shape="rect" href="$classBird.html#c61ff0028ea7d5e664d7aa0ac4379012" title="Set the current position." alt="" coords="600,414,693,438">
<area shape="rect" href="$classBird.html#164ec9a9b0fde87bf54ed9390a9729c9" title="Set the velocity vector." alt="" coords="603,462,691,486">
