<area shape="rect" href="$classtree.html#76b3a629c0208d5ae5b4ffcd4492e05e" title="tree::begin" alt="" coords="205,6,288,30">
<area shape="rect" href="$classtree.html#a8cf6dfe17504abfc0ffabb5a4ba9d0a" title="tree::clear" alt="" coords="207,54,287,78">
<area shape="rect" href="$classtree.html#0d09fe9fd34fbfc9c9e4e28cb694448e" title="tree::end" alt="" coords="211,102,283,126">
<area shape="rect" href="$classtree.html#c3d19d3a42f91618267674f2c236aad9" title="tree::insert" alt="" coords="205,150,288,174">
<area shape="rect" href="$classtree.html#4885e968c82655ebebea5d0927b7e9f4" title="tree::replace" alt="" coords="200,198,293,222">
<area shape="rect" href="$classtree_1_1iterator__base.html#a0be7989b9dd4c5bcdcc0d47a56d11fb" title="tree::iterator_base::skip_children" alt="" coords="141,246,352,270">
<area shape="rect" href="$classtree.html#3eb424c89446ae17a747d2aca2cdda4b" title="tree::erase" alt="" coords="413,78,496,102">
<area shape="rect" href="$namespacekp.html#a6813c11eeb1c091cdd1eff62de70914" title="kp::destructor" alt="" coords="741,127,843,151">
<area shape="rect" href="$classtree.html#05d5fd71c206efc8ac30df5cd46176bc" title="tree::erase_children" alt="" coords="557,127,693,151">
<area shape="rect" href="$namespacekp.html#d1c6c23984a78bfc8336c7ca244d6f1c" title="kp::constructor" alt="" coords="401,150,508,174">
