<area shape="rect" href="$classAdaptivePyramidSwarm.html#45c5cc5ee2e6608d899f1b79b8ad170a" title="Insert a new subtree." alt="" coords="283,224,517,248">
<area shape="rect" href="$classtree.html#76b3a629c0208d5ae5b4ffcd4492e05e" title="tree::begin" alt="" coords="1019,692,1101,716">
<area shape="rect" href="$classPyramidSwarm.html#6c186db55b8f8b65b5a598c6a45ae72e" title="Formatted output of the pyramid." alt="" coords="648,496,837,520">
<area shape="rect" href="$classSwarm.html#849d8809ea9c26d9bc0010968bf1020c" title="Calculate the diversity." alt="" coords="315,1752,485,1776">
<area shape="rect" href="$classPyramidSwarm.html#41331a3f455fcbd596989f79715b1b8b" title="Calculate the diversity for the individual subtrees." alt="" coords="268,1800,532,1824">
<area shape="rect" href="$classSwarm.html#e0647f4af56497d936dafc35aa7989bf" title="Compare iteration best particle to the global best and update." alt="" coords="683,1386,803,1410">
<area shape="rect" href="$classAdaptivePyramidSwarm.html#1882a87c019b03a0e39cde841f598aaf" title="Transform the tree into a tree with branch degree minus 1." alt="" coords="248,693,552,717">
<area shape="rect" href="$classAdaptivePyramidSwarm.html#e37cf3ca7ce7c3b88f0309ff98cb3052" title="Return the best subtree below the given node." alt="" coords="613,986,872,1010">
<area shape="rect" href="$classSwarm.html#a7bea159365345bccd57ac10f06e812b" title="All the particles in the swarm evaluate their current position." alt="" coords="329,1506,471,1530">
<area shape="rect" href="$classPSO.html#f6b5c807ceeeafc2110b7b4aa2f27242" title="PSO::getDecreaseBranchFrequency" alt="" coords="284,1848,516,1872">
<area shape="rect" href="$classPSO.html#2d101fa4fd266e53b9fd065c3b01e258" title="PSO::getDecreaseBranchStep" alt="" coords="301,1896,499,1920">
<area shape="rect" href="$classPSO.html#a1a30065babc73a1e54a426e5a0f6369" title="PSO::getMinBranchDegree" alt="" coords="311,1944,489,1968">
<area shape="rect" href="$classPSO.html#134b1281d2b1216a2090217c21aff309" title="Return the current step of the optimization." alt="" coords="349,1234,451,1258">
<area shape="rect" href="$classPyramidSwarm.html#cd664c6c7399497eeb45aeade60835ab" title="According to the pyramid hierarchy the birds are compared and swapped." alt="" coords="283,1036,517,1060">
<area shape="rect" href="$classPSO.html#91e7ffe95b7867a0bbff7a39cf859961" title="PSO::isAdaptiveParametersSet" alt="" coords="297,1992,503,2016">
<area shape="rect" href="$classPSO.html#c35d78fd4c2c2b2d4f7b4e48f9a81578" title="Called by the swarm, after an iteration is done." alt="" coords="333,1186,467,1210">
<area shape="rect" href="$classSwarm.html#41d6aa35d312751a1f9cb6977a545beb" title="All the particles in the swarm are moved." alt="" coords="349,2040,451,2064">
<area shape="rect" href="$classAdaptivePyramidSwarm.html#bc68c769114ea5cca2acf90938232418" title="Delete the subtree." alt="" coords="272,1282,528,1306">
<area shape="rect" href="$classPyramidSwarm.html#08b947b4263eb221c30271fe54f6ae33" title="The levels of the BirdContainers in birdContainerLevels is updated." alt="" coords="607,5,879,29">
<area shape="rect" href="$classSwarm.html#40a832e5094cc0bef13d9c6ab83b98c5" title="Determine the current mean position of the swarm." alt="" coords="307,1653,493,1677">
<area shape="rect" href="$classPyramidSwarm.html#4f43e6459e6fede3785780facb4c5e1f" title="The velocities of the birds are updated." alt="" coords="656,397,829,421">
<area shape="rect" href="$classtree.html#8d68e95f5088d48cb54fd6ae381729f0" title="tree::append_child" alt="" coords="679,248,807,272">
<area shape="rect" href="$classSwarm.html#5371bfef5da1070085c0f98498d01783" title="Create a new particle." alt="" coords="667,53,819,77">
<area shape="rect" href="$classtree.html#16c66be75ca89c999a9c4a68497b05a1" title="tree::depth" alt="" coords="1019,397,1101,421">
<area shape="rect" href="$classPsoStatistics.html#7f0b1661dfa4627c0e2e15020ab6b83e" title="PsoStatistics::getCurrentStep" alt="" coords="645,1186,840,1210">
<area shape="rect" href="$classBird.html#4da69cbb9543c97cde515d3ec54a1c4d" title="Return the index." alt="" coords="692,101,793,125">
<area shape="rect" href="$classAdaptivePyramidSwarm.html#4589069dda7b2f37f71792ac72cd2fa0" title="Initialize the particle according to the given initialization strategy." alt="" coords="624,200,861,224">
<area shape="rect" href="$classtree.html#0d09fe9fd34fbfc9c9e4e28cb694448e" title="tree::end" alt="" coords="1024,864,1096,888">
<area shape="rect" href="$tools_8cpp.html#a9e6ed8a690638455cc83a18b1755042" title="euclideanDistance" alt="" coords="679,1829,807,1853">
<area shape="rect" href="$classBird.html#278525c49e07d167335c9fdfdcc4c16b" title="Return the current position." alt="" coords="1013,1780,1107,1804">
<area shape="rect" href="$classPyramidSwarm.html#c88d70f33dee3ffa27d63e2877c8a8ad" title="Returns the pyramid subtree that bird_i is on." alt="" coords="935,1952,1185,1976">
<area shape="rect" href="$tools_8cpp.html#5112f83bc0660a5a31f59132cfc50716" title="Wrapper to GSL Function call." alt="" coords="693,2026,792,2050">
<area shape="rect" href="$classPyramidSwarm.html#113cc1a3ee99a45c346fd3018a20ea7b" title="Determine the current mean position of the subtree or the given randomSet." alt="" coords="603,1928,883,1952">
<area shape="rect" href="$classPsoStatistics.html#22645aac349492460cb782a7c87ed3f4" title="For noisy functions, the value at the best perceived position." alt="" coords="945,1386,1175,1410">
<area shape="rect" href="$classPsoStatistics.html#1d3cbd813114a32bf18cc71c6a86251e" title="PsoStatistics::addGlobalBest" alt="" coords="964,1290,1156,1314">
<area shape="rect" href="$classPSO.html#f4a2d70abe3be905c903502e806da3d3" title="Calls Function::evaluate of the implemented optimization function." alt="" coords="995,1434,1125,1458">
<area shape="rect" href="$classBird.html#ce844c5f8c4b379fcbf7dac32689d651" title="Return the personal best position." alt="" coords="1000,1338,1120,1362">
<area shape="rect" href="$classBird.html#9e93d67d4232ccd557f4e4293ebbe8f5" title="Return the function value of the personal best position." alt="" coords="996,1482,1124,1506">
<area shape="rect" href="$classPSO.html#9a41fda12a9a5a81b97fc5183620f77b" title="Comparsion function depending on the kind of optimization problem (max, min)." alt="" coords="1009,1164,1111,1188">
<area shape="rect" href="$classAdaptivePyramidSwarm.html#95f5eb1095a6dd003b1477290c80780f" title="Cut the subtree." alt="" coords="627,840,859,864">
<area shape="rect" href="$classPyramidSwarm.html#651f505aa4513559e87f2481ea259443" title="Returns the height including possibly added extra nodes for irregular pyramid." alt="" coords="956,152,1164,176">
<area shape="rect" href="$classAdaptivePyramidSwarm.html#9df13e57e0d7b380ae689a5bc7ae7c7f" title="Return all the nodes at the given depth." alt="" coords="600,741,885,765">
<area shape="rect" href="$classPSO.html#68dd6992f7070c3e808f9331cb160521" title="PSO::getDecreaseBranchAction" alt="" coords="639,544,847,568">
<area shape="rect" href="$classAdaptivePyramidSwarm.html#6d57f30724f6a0b7f4f8e5a31ae11f88" title="Return the worst subtree." alt="" coords="611,888,875,912">
<area shape="rect" href="$classtree.html#96f82a90a3e21e82f486f325b0cf9faa" title="tree::number_of_children" alt="" coords="661,592,824,616">
<area shape="rect" href="$classPsoStatistics.html#6ff0044f38bab5187ac001bce0d73a5d" title="PsoStatistics::addAverage" alt="" coords="655,1530,831,1554">
<area shape="rect" href="$classPsoStatistics.html#05194411c59d0027efa884a4cee08fd3" title="PsoStatistics::addIterationBest" alt="" coords="641,1578,844,1602">
<area shape="rect" href="$classBird.html#1bd5c0e3711cd3aae93a0eeee0fd6c15" title="Evaluate the function at the current position and store new best value." alt="" coords="672,1434,813,1458">
<area shape="rect" href="$classPsoStatistics.html#d3e52ecec8fefe72150dd6b53abe6c12" title="PsoStatistics::finishAverage" alt="" coords="649,1482,836,1506">
