<area shape="rect" href="$classSwarm.html#6f91dff59bba147f5983b8fb77a4db7c" title="Create the scouts." alt="" coords="184,5,331,29">
<area shape="rect" href="$classPSO.html#9da7242360b57a226143a6b60547021b" title="The dimension of the search space is returned." alt="" coords="587,103,691,127">
<area shape="rect" href="$classSwarm.html#1ba247983a6f20d0e835c696748a530b" title="Create the birds." alt="" coords="185,53,329,77">
<area shape="rect" href="$classSwarm.html#40a832e5094cc0bef13d9c6ab83b98c5" title="Determine the current mean position of the swarm." alt="" coords="164,153,351,177">
<area shape="rect" href="$classSwarm.html#96527c398560529a5e3bf7cb4c2f5886" title="Create a single bird." alt="" coords="400,53,528,77">
<area shape="rect" href="$tools_8cpp.html#d7aa76daee98b16913a0e7f380896510" title="printVec" alt="" coords="605,7,672,31">
<area shape="rect" href="$tools_8cpp.html#9ace512de549f107381a747c6677e990" title="Wrapper to GSL Function call." alt="" coords="577,55,700,79">
<area shape="rect" href="$classBird.html#278525c49e07d167335c9fdfdcc4c16b" title="Return the current position." alt="" coords="417,203,511,227">
