<area shape="rect" href="$classSwarm.html#8315401d37a75266d77f71a66660d1ae" title="If the best scout is better than the gbest individual it is reset." alt="" coords="248,396,381,420">
<area shape="rect" href="$classSwarm.html#93f011b4e32128da1ff11431ce98a577" title="A certain portion of the swarm is re&#45;randomized." alt="" coords="233,175,396,199">
<area shape="rect" href="$classSwarm.html#68f5ddc7a3335954f42cc01366ab374d" title="All individuals update their personal best position." alt="" coords="228,542,401,566">
<area shape="rect" href="$classBird.html#ce844c5f8c4b379fcbf7dac32689d651" title="Return the personal best position." alt="" coords="469,296,589,320">
<area shape="rect" href="$classBird.html#9e93d67d4232ccd557f4e4293ebbe8f5" title="Return the function value of the personal best position." alt="" coords="465,542,593,566">
<area shape="rect" href="$classBird.html#278525c49e07d167335c9fdfdcc4c16b" title="Return the current position." alt="" coords="483,248,576,272">
<area shape="rect" href="$classPSO.html#9a41fda12a9a5a81b97fc5183620f77b" title="Comparsion function depending on the kind of optimization problem (max, min)." alt="" coords="479,494,580,518">
<area shape="rect" href="$classBird.html#1899bc1ad99de27864b35d509f87ef96" title="Set the personal best position." alt="" coords="689,199,809,223">
<area shape="rect" href="$classBird.html#b0eeeade7db24cf936f9815f2082e7a9" title="Set the personal best value." alt="" coords="465,446,593,470">
<area shape="rect" href="$classBird.html#c61ff0028ea7d5e664d7aa0ac4379012" title="Set the current position." alt="" coords="703,322,796,346">
<area shape="rect" href="$classPSO.html#83130a91287e0dbf1f818bf1b91d382e" title="The optimization function type is returned." alt="" coords="452,150,607,174">
<area shape="rect" href="$classPSO.html#b39abf541d9a73383613ebc507f07a2c" title="PSO::getDynamicStyle" alt="" coords="452,6,607,30">
<area shape="rect" href="$tools_8cpp.html#5112f83bc0660a5a31f59132cfc50716" title="Wrapper to GSL Function call." alt="" coords="480,54,579,78">
<area shape="rect" href="$classSwarm.html#7e8309edaf059226c469e7d6a05caddd" title="The bird is re&#45;randomized." alt="" coords="453,102,605,126">
<area shape="rect" href="$classFunction.html#6b8d4f0e5f160a7ead82d28c96046955" title="Function::getDynamicStyle" alt="" coords="660,6,839,30">
<area shape="rect" href="$classPSO.html#9da7242360b57a226143a6b60547021b" title="The dimension of the search space is returned." alt="" coords="697,54,801,78">
<area shape="rect" href="$tools_8cpp.html#9ace512de549f107381a747c6677e990" title="Wrapper to GSL Function call." alt="" coords="688,102,811,126">
<area shape="rect" href="$classBird.html#164ec9a9b0fde87bf54ed9390a9729c9" title="Set the velocity vector." alt="" coords="705,150,793,174">
<area shape="rect" href="$classPSO.html#e6edebe0b4bb447c95b9ec8c4846daa0" title="Return the worst evaluation value, depending on (max, min) problem." alt="" coords="480,590,579,614">
<area shape="rect" href="$classBird.html#d727d4ff5f291fa2098dbc9f609ed05b" title="For dynamic functions the function value of the personal best position is updated..." alt="" coords="455,638,604,662">
<area shape="rect" href="$classPSO.html#f4a2d70abe3be905c903502e806da3d3" title="Calls Function::evaluate of the implemented optimization function." alt="" coords="684,614,815,638">
<area shape="rect" href="$classPSO.html#4f9d31231c71b309637baabc38dafe8e" title="Return the number of samples to take for the personal best value." alt="" coords="657,662,841,686">
<area shape="rect" href="$classFunction.html#af172a6b18b99aeeccdc22d408a5fc29" title="Add noise to the position." alt="" coords="913,494,1068,518">
<area shape="rect" href="$classFunction.html#f19cf9d966785fd17c0c0b94d5483d99" title="Scale value with noise." alt="" coords="892,542,1089,566">
<area shape="rect" href="$classFunction.html#ecbc9e3a5181a8ba35af8c60a3b28c11" title="Add noise to the value." alt="" coords="915,590,1067,614">
<area shape="rect" href="$classFunction.html#159260a1fc3afa8932491e4057b6b844" title="The evaluation function has to be present, since it is the decisive part of the function..." alt="" coords="927,638,1055,662">
<area shape="rect" href="$classPsoStatistics.html#b2d2a9dcc6d8768be003c8a32d99c308" title="PsoStatistics::evaluated" alt="" coords="909,686,1072,710">
<area shape="rect" href="$classFunction.html#5d1c101ec674fb9c792fe119897693ff" title="Function::getNoiseStyle" alt="" coords="911,734,1071,758">
<area shape="rect" href="$tools_8cpp.html#4e18622b1241fd9510728a92cc37c471" title="Return gaussian distributed double from [0;1)." alt="" coords="1139,542,1280,566">
