<area shape="rect" href="$classBird.html#ce844c5f8c4b379fcbf7dac32689d651" title="Return the personal best position." alt="" coords="195,6,315,30">
<area shape="rect" href="$classBird.html#9e93d67d4232ccd557f4e4293ebbe8f5" title="Return the function value of the personal best position." alt="" coords="191,54,319,78">
<area shape="rect" href="$classBird.html#278525c49e07d167335c9fdfdcc4c16b" title="Return the current position." alt="" coords="208,102,301,126">
<area shape="rect" href="$classPSO.html#9a41fda12a9a5a81b97fc5183620f77b" title="Comparsion function depending on the kind of optimization problem (max, min)." alt="" coords="204,150,305,174">
<area shape="rect" href="$classBird.html#1899bc1ad99de27864b35d509f87ef96" title="Set the personal best position." alt="" coords="195,198,315,222">
<area shape="rect" href="$classBird.html#b0eeeade7db24cf936f9815f2082e7a9" title="Set the personal best value." alt="" coords="191,246,319,270">
<area shape="rect" href="$classBird.html#c61ff0028ea7d5e664d7aa0ac4379012" title="Set the current position." alt="" coords="208,294,301,318">
