<area shape="rect" href="$classtree.html#8d68e95f5088d48cb54fd6ae381729f0" title="tree::append_child" alt="" coords="436,6,564,30">
<area shape="rect" href="$classtree.html#76b3a629c0208d5ae5b4ffcd4492e05e" title="tree::begin" alt="" coords="749,206,832,230">
<area shape="rect" href="$classAdaptivePyramidSwarm.html#95f5eb1095a6dd003b1477290c80780f" title="Cut the subtree." alt="" coords="384,104,616,128">
<area shape="rect" href="$classtree.html#0d09fe9fd34fbfc9c9e4e28cb694448e" title="tree::end" alt="" coords="755,254,827,278">
<area shape="rect" href="$classtree.html#16c66be75ca89c999a9c4a68497b05a1" title="tree::depth" alt="" coords="749,158,832,182">
<area shape="rect" href="$classPSO.html#f4a2d70abe3be905c903502e806da3d3" title="Calls Function::evaluate of the implemented optimization function." alt="" coords="435,446,565,470">
<area shape="rect" href="$classPyramidSwarm.html#651f505aa4513559e87f2481ea259443" title="Returns the height including possibly added extra nodes for irregular pyramid." alt="" coords="396,494,604,518">
<area shape="rect" href="$classAdaptivePyramidSwarm.html#9df13e57e0d7b380ae689a5bc7ae7c7f" title="Return all the nodes at the given depth." alt="" coords="357,203,643,227">
<area shape="rect" href="$classAdaptivePyramidSwarm.html#e37cf3ca7ce7c3b88f0309ff98cb3052" title="Return the best subtree below the given node." alt="" coords="371,398,629,422">
<area shape="rect" href="$classPSO.html#68dd6992f7070c3e808f9331cb160521" title="PSO::getDecreaseBranchAction" alt="" coords="396,542,604,566">
<area shape="rect" href="$classAdaptivePyramidSwarm.html#6d57f30724f6a0b7f4f8e5a31ae11f88" title="Return the worst subtree." alt="" coords="368,350,632,374">
<area shape="rect" href="$classtree.html#96f82a90a3e21e82f486f325b0cf9faa" title="tree::number_of_children" alt="" coords="419,590,581,614">
<area shape="rect" href="$classPyramidSwarm.html#6c186db55b8f8b65b5a598c6a45ae72e" title="Formatted output of the pyramid." alt="" coords="405,251,595,275">
<area shape="rect" href="$namespacekp.html#d1c6c23984a78bfc8336c7ca244d6f1c" title="kp::constructor" alt="" coords="737,6,844,30">
<area shape="rect" href="$classtree.html#3eb424c89446ae17a747d2aca2cdda4b" title="tree::erase" alt="" coords="749,104,832,128">
<area shape="rect" href="$namespacekp.html#a6813c11eeb1c091cdd1eff62de70914" title="kp::destructor" alt="" coords="1128,106,1229,130">
<area shape="rect" href="$classtree.html#05d5fd71c206efc8ac30df5cd46176bc" title="tree::erase_children" alt="" coords="941,130,1077,154">
<area shape="rect" href="$classFunction.html#af172a6b18b99aeeccdc22d408a5fc29" title="Add noise to the position." alt="" coords="713,542,868,566">
<area shape="rect" href="$classFunction.html#f19cf9d966785fd17c0c0b94d5483d99" title="Scale value with noise." alt="" coords="692,590,889,614">
<area shape="rect" href="$classFunction.html#ecbc9e3a5181a8ba35af8c60a3b28c11" title="Add noise to the value." alt="" coords="715,638,867,662">
<area shape="rect" href="$classFunction.html#159260a1fc3afa8932491e4057b6b844" title="The evaluation function has to be present, since it is the decisive part of the function..." alt="" coords="727,398,855,422">
<area shape="rect" href="$classPsoStatistics.html#b2d2a9dcc6d8768be003c8a32d99c308" title="PsoStatistics::evaluated" alt="" coords="709,446,872,470">
<area shape="rect" href="$classFunction.html#5d1c101ec674fb9c792fe119897693ff" title="Function::getNoiseStyle" alt="" coords="711,494,871,518">
<area shape="rect" href="$tools_8cpp.html#4e18622b1241fd9510728a92cc37c471" title="Return gaussian distributed double from [0;1)." alt="" coords="939,590,1080,614">
<area shape="rect" href="$classPSO.html#e6edebe0b4bb447c95b9ec8c4846daa0" title="Return the worst evaluation value, depending on (max, min) problem." alt="" coords="741,350,840,374">
<area shape="rect" href="$classPSO.html#9a41fda12a9a5a81b97fc5183620f77b" title="Comparsion function depending on the kind of optimization problem (max, min)." alt="" coords="740,302,841,326">
