<area shape="rect" href="$classFunction.html#159260a1fc3afa8932491e4057b6b844" title="The evaluation function has to be present, since it is the decisive part of the function..." alt="" coords="1232,628,1360,652">
<area shape="rect" href="$classSwarm.html#1f6eec525de52241c5b1272a07361e20" title="Swarm::get_detectionMethod" alt="" coords="137,112,327,136">
<area shape="rect" href="$classPsoStatistics.html#da296b91e976a0d5789e7a79e4b1dccf" title="PsoStatistics::getActualGlobalBest" alt="" coords="644,471,871,495">
<area shape="rect" href="$classBird.html#ce844c5f8c4b379fcbf7dac32689d651" title="Return the personal best position." alt="" coords="993,1325,1113,1349">
<area shape="rect" href="$classBird.html#9e93d67d4232ccd557f4e4293ebbe8f5" title="Return the function value of the personal best position." alt="" coords="989,671,1117,695">
<area shape="rect" href="$classPsoStatistics.html#7f0b1661dfa4627c0e2e15020ab6b83e" title="PsoStatistics::getCurrentStep" alt="" coords="660,547,855,571">
<area shape="rect" href="$classPSO.html#b39abf541d9a73383613ebc507f07a2c" title="PSO::getDynamicStyle" alt="" coords="399,371,553,395">
<area shape="rect" href="$classSwarm.html#7636f17fe7017c9665678e85e20b9779" title="Return the global best bird." alt="" coords="145,408,319,432">
<area shape="rect" href="$classSwarm.html#29b92fc70b57a38a6db7a03d6f9df4ea" title="Return the overall best value found." alt="" coords="140,160,324,184">
<area shape="rect" href="$classBird.html#4da69cbb9543c97cde515d3ec54a1c4d" title="Return the index." alt="" coords="425,245,527,269">
<area shape="rect" href="$classFunction.html#5d1c101ec674fb9c792fe119897693ff" title="Function::getNoiseStyle" alt="" coords="1216,1480,1376,1504">
<area shape="rect" href="$classPSO.html#f76be383f4e2360d2de466eeb6955af1" title="PSO::getNoiseStyle" alt="" coords="163,1480,301,1504">
<area shape="rect" href="$classSwarm.html#3e480dd422f3babe42d22d5af097c2ba" title="Swarm::printSwarm" alt="" coords="165,259,299,283">
<area shape="rect" href="$classSwarm.html#7ab61f9797ce80e2edfb2bd881d7147c" title="The swarm does steps steps." alt="" coords="185,909,279,933">
<area shape="rect" href="$classFunction.html#6b8d4f0e5f160a7ead82d28c96046955" title="Function::getDynamicStyle" alt="" coords="668,371,847,395">
<area shape="rect" href="$classSwarm.html#8315401d37a75266d77f71a66660d1ae" title="If the best scout is better than the gbest individual it is reset." alt="" coords="691,599,824,623">
<area shape="rect" href="$classSwarm.html#849d8809ea9c26d9bc0010968bf1020c" title="Calculate the diversity." alt="" coords="391,933,561,957">
<area shape="rect" href="$classSwarm.html#e0647f4af56497d936dafc35aa7989bf" title="Compare iteration best particle to the global best and update." alt="" coords="697,1228,817,1252">
<area shape="rect" href="$classSwarm.html#a2b011c3d98a6f761691a0e52bec6001" title="Compare iteration best scout to the currently best one and update." alt="" coords="677,1036,837,1060">
<area shape="rect" href="$classSwarm.html#2ff0a2521e41d8b26e031e5a08c583b5" title="Apply detection method for changed environment." alt="" coords="376,837,576,861">
<area shape="rect" href="$classSwarm.html#a7bea159365345bccd57ac10f06e812b" title="All the particles in the swarm evaluate their current position." alt="" coords="687,1084,828,1108">
<area shape="rect" href="$classSwarm.html#39eaa4eed93a5d2731f5b1d5ecac8fa5" title="All the scouts evaluate their current position." alt="" coords="677,988,837,1012">
<area shape="rect" href="$classPSO.html#393ccc4ad7ed55a99ca49cae4c295ccb" title="PSO::getLocalsearchMode" alt="" coords="388,789,564,813">
<area shape="rect" href="$classPSO.html#c35d78fd4c2c2b2d4f7b4e48f9a81578" title="Called by the swarm, after an iteration is done." alt="" coords="409,544,543,568">
<area shape="rect" href="$classSwarm.html#41d6aa35d312751a1f9cb6977a545beb" title="All the particles in the swarm are moved." alt="" coords="425,885,527,909">
<area shape="rect" href="$classSwarm.html#4fc3581725e33c1fe2d089f5980d3454" title="All the scouts are moved." alt="" coords="405,1083,547,1107">
<area shape="rect" href="$classSwarm.html#f98488b9ca17c07c89a591040f360db6" title="Respond to the change in the environment." alt="" coords="389,693,563,717">
<area shape="rect" href="$classBird.html#f93673932c41319e7488cb6f5e509ddc" title="check if a dimension has vanished, if so perform a side step" alt="" coords="425,1131,527,1155">
<area shape="rect" href="$classSwarm.html#40a832e5094cc0bef13d9c6ab83b98c5" title="Determine the current mean position of the swarm." alt="" coords="383,741,569,765">
<area shape="rect" href="$classSwarm.html#9e891ddba8f8890e9f48a06067a76a73" title="The velocity is updated according to a randomly chosen position." alt="" coords="396,1379,556,1403">
<area shape="rect" href="$classSwarm.html#be668c680f5bdd27bd2c4244a8a431bf" title="The velocity is updated according to the globalBestBird." alt="" coords="413,1331,539,1355">
<area shape="rect" href="$classBird.html#278525c49e07d167335c9fdfdcc4c16b" title="Return the current position." alt="" coords="1007,939,1100,963">
<area shape="rect" href="$classPSO.html#9a41fda12a9a5a81b97fc5183620f77b" title="Comparsion function depending on the kind of optimization problem (max, min)." alt="" coords="1003,988,1104,1012">
<area shape="rect" href="$classBird.html#1899bc1ad99de27864b35d509f87ef96" title="Set the personal best position." alt="" coords="993,575,1113,599">
<area shape="rect" href="$classBird.html#b0eeeade7db24cf936f9815f2082e7a9" title="Set the personal best value." alt="" coords="989,623,1117,647">
<area shape="rect" href="$classBird.html#c61ff0028ea7d5e664d7aa0ac4379012" title="Set the current position." alt="" coords="1007,527,1100,551">
<area shape="rect" href="$tools_8cpp.html#a9e6ed8a690638455cc83a18b1755042" title="euclideanDistance" alt="" coords="693,1180,821,1204">
<area shape="rect" href="$classPsoStatistics.html#22645aac349492460cb782a7c87ed3f4" title="For noisy functions, the value at the best perceived position." alt="" coords="939,1228,1168,1252">
<area shape="rect" href="$classPsoStatistics.html#1d3cbd813114a32bf18cc71c6a86251e" title="PsoStatistics::addGlobalBest" alt="" coords="957,1276,1149,1300">
<area shape="rect" href="$classPSO.html#f4a2d70abe3be905c903502e806da3d3" title="Calls Function::evaluate of the implemented optimization function." alt="" coords="988,1180,1119,1204">
<area shape="rect" href="$classBird.html#bf844d57c7542b2bd8dba8d8aae84b96" title="Return the function value at the current position." alt="" coords="981,1036,1125,1060">
<area shape="rect" href="$classPsoStatistics.html#84f90498fd9477122cf1dd5541a18691" title="PsoStatistics::changeDetected" alt="" coords="657,793,857,817">
<area shape="rect" href="$classPSO.html#9f0b500a00467d6a2332f2094d585245" title="For hierachyChangeDetect at what number of swaps a change is detected." alt="" coords="625,841,889,865">
<area shape="rect" href="$classPsoStatistics.html#fbff3218d9cf6a42ba38ac14d9c92fdd" title="Get the number of swaps in PyramidSwarm at step." alt="" coords="656,889,859,913">
<area shape="rect" href="$classSwarm.html#75d0b85dc6fa2ec069f1580e0386faee" title="Required for DynamicPyramidSwarm." alt="" coords="696,697,819,721">
<area shape="rect" href="$classPSO.html#7407b0e27405a6d49159ff8afb0d2e18" title="If a change of the dynamic function has occured in the current iteration." alt="" coords="676,745,839,769">
<area shape="rect" href="$classBird.html#d727d4ff5f291fa2098dbc9f609ed05b" title="For dynamic functions the function value of the personal best position is updated..." alt="" coords="683,1132,832,1156">
<area shape="rect" href="$classPsoStatistics.html#6ff0044f38bab5187ac001bce0d73a5d" title="PsoStatistics::addAverage" alt="" coords="965,1084,1141,1108">
<area shape="rect" href="$classPsoStatistics.html#05194411c59d0027efa884a4cee08fd3" title="PsoStatistics::addIterationBest" alt="" coords="952,1132,1155,1156">
