<area shape="rect" href="$classPSO.html#9da7242360b57a226143a6b60547021b" title="The dimension of the search space is returned." alt="" coords="205,102,309,126">
<area shape="rect" href="$classBird.html#ce844c5f8c4b379fcbf7dac32689d651" title="Return the personal best position." alt="" coords="197,150,317,174">
<area shape="rect" href="$classBird.html#9e93d67d4232ccd557f4e4293ebbe8f5" title="Return the function value of the personal best position." alt="" coords="193,198,321,222">
<area shape="rect" href="$classPSO.html#04484a7607a0bafc3b66f5de4609568d" title="perform a local search around the passed bird&#39;s best position" alt="" coords="195,246,320,270">
<area shape="rect" href="$classBird.html#1899bc1ad99de27864b35d509f87ef96" title="Set the personal best position." alt="" coords="197,294,317,318">
<area shape="rect" href="$classBird.html#b0eeeade7db24cf936f9815f2082e7a9" title="Set the personal best value." alt="" coords="193,342,321,366">
<area shape="rect" href="$classPSO.html#f4a2d70abe3be905c903502e806da3d3" title="Calls Function::evaluate of the implemented optimization function." alt="" coords="377,126,508,150">
<area shape="rect" href="$classFunction.html#add009c15298f8cbbf62958f62e49b0e" title="Function::get_max_x" alt="" coords="371,174,515,198">
<area shape="rect" href="$classFunction.html#8831e5c15811e7090a9fcc2cdae162b6" title="Function::get_min_x" alt="" coords="373,222,512,246">
<area shape="rect" href="$classPSO.html#9a41fda12a9a5a81b97fc5183620f77b" title="Comparsion function depending on the kind of optimization problem (max, min)." alt="" coords="392,270,493,294">
<area shape="rect" href="$tools_8cpp.html#9ace512de549f107381a747c6677e990" title="Wrapper to GSL Function call." alt="" coords="381,318,504,342">
<area shape="rect" href="$tools_8cpp.html#5112f83bc0660a5a31f59132cfc50716" title="Wrapper to GSL Function call." alt="" coords="393,366,492,390">
<area shape="rect" href="$classFunction.html#af172a6b18b99aeeccdc22d408a5fc29" title="Add noise to the position." alt="" coords="585,6,740,30">
<area shape="rect" href="$classFunction.html#f19cf9d966785fd17c0c0b94d5483d99" title="Scale value with noise." alt="" coords="564,54,761,78">
<area shape="rect" href="$classFunction.html#ecbc9e3a5181a8ba35af8c60a3b28c11" title="Add noise to the value." alt="" coords="587,102,739,126">
<area shape="rect" href="$classFunction.html#159260a1fc3afa8932491e4057b6b844" title="The evaluation function has to be present, since it is the decisive part of the function..." alt="" coords="599,150,727,174">
<area shape="rect" href="$classPsoStatistics.html#b2d2a9dcc6d8768be003c8a32d99c308" title="PsoStatistics::evaluated" alt="" coords="581,198,744,222">
<area shape="rect" href="$classFunction.html#5d1c101ec674fb9c792fe119897693ff" title="Function::getNoiseStyle" alt="" coords="583,246,743,270">
<area shape="rect" href="$tools_8cpp.html#4e18622b1241fd9510728a92cc37c471" title="Return gaussian distributed double from [0;1)." alt="" coords="811,54,952,78">
