<area shape="rect" href="$classtree.html#76b3a629c0208d5ae5b4ffcd4492e05e" title="tree::begin" alt="" coords="755,40,837,64">
<area shape="rect" href="$classtree.html#16c66be75ca89c999a9c4a68497b05a1" title="tree::depth" alt="" coords="755,308,837,332">
<area shape="rect" href="$classtree.html#0d09fe9fd34fbfc9c9e4e28cb694448e" title="tree::end" alt="" coords="760,100,832,124">
<area shape="rect" href="$classPSO.html#e6edebe0b4bb447c95b9ec8c4846daa0" title="Return the worst evaluation value, depending on (max, min) problem." alt="" coords="465,162,564,186">
<area shape="rect" href="$classPSO.html#f76be383f4e2360d2de466eeb6955af1" title="PSO::getNoiseStyle" alt="" coords="445,210,584,234">
<area shape="rect" href="$classPSO.html#21328296d8a9c44a0cbef8f4f32d632e" title="Only if pbest is better than the predecessor, the re&#45;evaluation is done." alt="" coords="385,258,644,282">
<area shape="rect" href="$classPSO.html#9a41fda12a9a5a81b97fc5183620f77b" title="Comparsion function depending on the kind of optimization problem (max, min)." alt="" coords="745,404,847,428">
<area shape="rect" href="$classSwarm.html#37d9b1abc4dac92ed426bcc50912fc76" title="check whether the new position is better &#45;&#45; in the precense of noise" alt="" coords="431,644,599,668">
<area shape="rect" href="$classPyramidSwarm.html#6c186db55b8f8b65b5a598c6a45ae72e" title="Formatted output of the pyramid." alt="" coords="420,64,609,88">
<area shape="rect" href="$classPyramidSwarm.html#c6d4a660c91549b01bb868f29a3570a9" title="Two nodes of the pyramid are swapped." alt="" coords="441,357,588,381">
<area shape="rect" href="$classFunction.html#5d1c101ec674fb9c792fe119897693ff" title="Function::getNoiseStyle" alt="" coords="967,440,1127,464">
<area shape="rect" href="$classPSO.html#f4a2d70abe3be905c903502e806da3d3" title="Calls Function::evaluate of the implemented optimization function." alt="" coords="731,788,861,812">
<area shape="rect" href="$classBird.html#ce844c5f8c4b379fcbf7dac32689d651" title="Return the personal best position." alt="" coords="736,836,856,860">
<area shape="rect" href="$classBird.html#9e93d67d4232ccd557f4e4293ebbe8f5" title="Return the function value of the personal best position." alt="" coords="732,884,860,908">
<area shape="rect" href="$classBird.html#76259cf6591db8b1b6fae26836ab835d" title="Return the last function value evaluation of the personal best position (for noisy..." alt="" coords="719,932,873,956">
<area shape="rect" href="$classPSO.html#9f0db9ddf94a915706314de77161e556" title="Store new evaluated best value in bird." alt="" coords="695,452,897,476">
<area shape="rect" href="$classPSO.html#b7fa34d665f860e11c91545314a81e39" title="Include old value into re&#45;evaluation." alt="" coords="697,500,895,524">
<area shape="rect" href="$classPSO.html#d69012e1331e93c50a3c7ec9ebc3d9a1" title="How many re&#45;evaluations of the best position." alt="" coords="697,548,895,572">
<area shape="rect" href="$classBird.html#de897774aec5007edcfca2c04a2adef1" title="If the bird has already been re&#45;evaluated in this iteration." alt="" coords="724,596,868,620">
<area shape="rect" href="$classBird.html#b0eeeade7db24cf936f9815f2082e7a9" title="Set the personal best value." alt="" coords="732,644,860,668">
<area shape="rect" href="$classBird.html#e3f3b24b964132d871dc68c6c6e81a07" title="Set the last evaluation of the personal best value." alt="" coords="719,692,873,716">
<area shape="rect" href="$classBird.html#f315e6e1f1b2eebf58f57e774e899a8f" title="Reset the current reEvaluation status." alt="" coords="724,740,868,764">
<area shape="rect" href="$classFunction.html#af172a6b18b99aeeccdc22d408a5fc29" title="Add noise to the position." alt="" coords="969,836,1124,860">
<area shape="rect" href="$classFunction.html#f19cf9d966785fd17c0c0b94d5483d99" title="Scale value with noise." alt="" coords="948,884,1145,908">
<area shape="rect" href="$classFunction.html#ecbc9e3a5181a8ba35af8c60a3b28c11" title="Add noise to the value." alt="" coords="971,692,1123,716">
<area shape="rect" href="$classFunction.html#159260a1fc3afa8932491e4057b6b844" title="The evaluation function has to be present, since it is the decisive part of the function..." alt="" coords="983,740,1111,764">
<area shape="rect" href="$classPsoStatistics.html#b2d2a9dcc6d8768be003c8a32d99c308" title="PsoStatistics::evaluated" alt="" coords="965,788,1128,812">
<area shape="rect" href="$tools_8cpp.html#4e18622b1241fd9510728a92cc37c471" title="Return gaussian distributed double from [0;1)." alt="" coords="1195,836,1336,860">
<area shape="rect" href="$classPsoStatistics.html#c9c254251cc94ff10cd386024aa9596d" title="PsoStatistics::swapped" alt="" coords="717,356,875,380">
