<area shape="rect" href="$classPsoStatistics.html#1fd7ea6e68ab77ad741a0dea3a26012e" title="Log the current function error." alt="" coords="201,6,399,30">
<area shape="rect" href="$movpeaks_8c.html#b7b884e48cda58a8d8278e17fcb1ab68" title="get_current_error" alt="" coords="240,54,360,78">
<area shape="rect" href="$classPsoStatistics.html#da296b91e976a0d5789e7a79e4b1dccf" title="PsoStatistics::getActualGlobalBest" alt="" coords="187,102,413,126">
<area shape="rect" href="$classPsoStatistics.html#7f0b1661dfa4627c0e2e15020ab6b83e" title="PsoStatistics::getCurrentStep" alt="" coords="203,150,397,174">
<area shape="rect" href="$classFunction.html#e6d1592d71358ccb6b1cab1e694ed52b" title="Returns the goal value, given by the benchmark." alt="" coords="239,198,361,222">
<area shape="rect" href="$classFunction.html#cf92330874c4783b53c2d61733d418e5" title="Returns the global optimum value." alt="" coords="241,246,359,270">
<area shape="rect" href="$classPSO.html#73b6f8b856198c230a8e8820c0ff9754" title="PSO::getSwarm" alt="" coords="243,294,357,318">
<area shape="rect" href="$classPsoStatistics.html#5a4bd7d3c0f620a4441263aa366c7ef9" title="Called by PSO if the given goal for the optimization function is reached." alt="" coords="209,342,391,366">
<area shape="rect" href="$classPSO.html#d1599ea09344d65e4aaa533edafebd39" title="Comparsion function depending on the kind of optimization problem (max, min)." alt="" coords="232,390,368,414">
<area shape="rect" href="$classSwarm.html#a76268fe09067ed70b04d8bd9d487a22" title="Swarm::localSearch" alt="" coords="232,438,368,462">
<area shape="rect" href="$classPsoStatistics.html#032e6c1d794cf3c6dd083c20d3a6ad17" title="Called by PSO if the given optimum value for the optimization function is reached..." alt="" coords="212,486,388,510">
<area shape="rect" href="$classPsoStatistics.html#6eeabeed3d61750743e14c6edadffd6d" title="Increase psoStep." alt="" coords="208,534,392,558">
<area shape="rect" href="$classFunction.html#31bae656cf84683529a1a8c19c9f0a67" title="Change the function behaviour, for dynamic functions." alt="" coords="241,606,359,630">
<area shape="rect" href="$classPSO.html#9da7242360b57a226143a6b60547021b" title="The dimension of the search space is returned." alt="" coords="548,294,652,318">
<area shape="rect" href="$classBird.html#ce844c5f8c4b379fcbf7dac32689d651" title="Return the personal best position." alt="" coords="540,342,660,366">
<area shape="rect" href="$classBird.html#9e93d67d4232ccd557f4e4293ebbe8f5" title="Return the function value of the personal best position." alt="" coords="536,390,664,414">
<area shape="rect" href="$classPSO.html#04484a7607a0bafc3b66f5de4609568d" title="perform a local search around the passed bird&#39;s best position" alt="" coords="537,438,663,462">
<area shape="rect" href="$classBird.html#1899bc1ad99de27864b35d509f87ef96" title="Set the personal best position." alt="" coords="540,486,660,510">
<area shape="rect" href="$classBird.html#b0eeeade7db24cf936f9815f2082e7a9" title="Set the personal best value." alt="" coords="536,534,664,558">
<area shape="rect" href="$classPSO.html#f4a2d70abe3be905c903502e806da3d3" title="Calls Function::evaluate of the implemented optimization function." alt="" coords="793,318,924,342">
<area shape="rect" href="$classFunction.html#add009c15298f8cbbf62958f62e49b0e" title="Function::get_max_x" alt="" coords="787,366,931,390">
<area shape="rect" href="$classFunction.html#8831e5c15811e7090a9fcc2cdae162b6" title="Function::get_min_x" alt="" coords="789,414,928,438">
<area shape="rect" href="$classPSO.html#9a41fda12a9a5a81b97fc5183620f77b" title="Comparsion function depending on the kind of optimization problem (max, min)." alt="" coords="808,462,909,486">
<area shape="rect" href="$tools_8cpp.html#9ace512de549f107381a747c6677e990" title="Wrapper to GSL Function call." alt="" coords="797,510,920,534">
<area shape="rect" href="$tools_8cpp.html#5112f83bc0660a5a31f59132cfc50716" title="Wrapper to GSL Function call." alt="" coords="809,558,908,582">
<area shape="rect" href="$classFunction.html#af172a6b18b99aeeccdc22d408a5fc29" title="Add noise to the position." alt="" coords="1001,198,1156,222">
<area shape="rect" href="$classFunction.html#f19cf9d966785fd17c0c0b94d5483d99" title="Scale value with noise." alt="" coords="980,246,1177,270">
<area shape="rect" href="$classFunction.html#ecbc9e3a5181a8ba35af8c60a3b28c11" title="Add noise to the value." alt="" coords="1003,294,1155,318">
<area shape="rect" href="$classFunction.html#159260a1fc3afa8932491e4057b6b844" title="The evaluation function has to be present, since it is the decisive part of the function..." alt="" coords="1015,342,1143,366">
<area shape="rect" href="$classPsoStatistics.html#b2d2a9dcc6d8768be003c8a32d99c308" title="PsoStatistics::evaluated" alt="" coords="997,390,1160,414">
<area shape="rect" href="$classFunction.html#5d1c101ec674fb9c792fe119897693ff" title="Function::getNoiseStyle" alt="" coords="999,438,1159,462">
<area shape="rect" href="$tools_8cpp.html#4e18622b1241fd9510728a92cc37c471" title="Return gaussian distributed double from [0;1)." alt="" coords="1227,246,1368,270">
<area shape="rect" href="$classSequenceGenerator.html#e5172bf7a72210a37724d3b51804e4c5" title="Return exponentially distributed random variable, with mean mu." alt="" coords="461,582,739,606">
<area shape="rect" href="$classSequenceGenerator.html#15f18b2aeec1e2cab2b0c22acbc04202" title="Wrapper to GSL Function call." alt="" coords="477,630,723,654">
<area shape="rect" href="$classSequenceGenerator.html#31904303f64c5adcf91d924b41c71a80" title="Wrapper to GSL Function call." alt="" coords="489,678,711,702">
