<area shape="rect" href="$classSwarm.html#849d8809ea9c26d9bc0010968bf1020c" title="Calculate the diversity." alt="" coords="193,53,364,77">
<area shape="rect" href="$classSwarm.html#e0647f4af56497d936dafc35aa7989bf" title="Compare iteration best particle to the global best and update." alt="" coords="500,101,620,125">
<area shape="rect" href="$classLocalSwarm.html#86d8eca005f9925ef63433503476d7ff" title="For each bird all the birds in the neighbourhood, including himself, are compared..." alt="" coords="469,200,651,224">
<area shape="rect" href="$classSwarm.html#2ff0a2521e41d8b26e031e5a08c583b5" title="Apply detection method for changed environment." alt="" coords="179,827,379,851">
<area shape="rect" href="$classPsoStatistics.html#7f0b1661dfa4627c0e2e15020ab6b83e" title="PsoStatistics::getCurrentStep" alt="" coords="463,683,657,707">
<area shape="rect" href="$classSwarm.html#a7bea159365345bccd57ac10f06e812b" title="All the particles in the swarm evaluate their current position." alt="" coords="208,428,349,452">
<area shape="rect" href="$classPSO.html#b39abf541d9a73383613ebc507f07a2c" title="PSO::getDynamicStyle" alt="" coords="201,1139,356,1163">
<area shape="rect" href="$classPSO.html#393ccc4ad7ed55a99ca49cae4c295ccb" title="PSO::getLocalsearchMode" alt="" coords="191,1187,367,1211">
<area shape="rect" href="$classPSO.html#134b1281d2b1216a2090217c21aff309" title="Return the current step of the optimization." alt="" coords="228,705,329,729">
<area shape="rect" href="$classPSO.html#c35d78fd4c2c2b2d4f7b4e48f9a81578" title="Called by the swarm, after an iteration is done." alt="" coords="212,1091,345,1115">
<area shape="rect" href="$classSwarm.html#41d6aa35d312751a1f9cb6977a545beb" title="All the particles in the swarm are moved." alt="" coords="228,1235,329,1259">
<area shape="rect" href="$classSwarm.html#f98488b9ca17c07c89a591040f360db6" title="Respond to the change in the environment." alt="" coords="192,1283,365,1307">
<area shape="rect" href="$classBird.html#f93673932c41319e7488cb6f5e509ddc" title="check if a dimension has vanished, if so perform a side step" alt="" coords="228,1331,329,1355">
<area shape="rect" href="$classSwarm.html#40a832e5094cc0bef13d9c6ab83b98c5" title="Determine the current mean position of the swarm." alt="" coords="185,125,372,149">
<area shape="rect" href="$classLocalSwarm.html#08e4a17b8b74ff1c4da77975140613e7" title="The velocities of the birds are updated." alt="" coords="200,1379,357,1403">
<area shape="rect" href="$tools_8cpp.html#a9e6ed8a690638455cc83a18b1755042" title="euclideanDistance" alt="" coords="496,5,624,29">
<area shape="rect" href="$classBird.html#278525c49e07d167335c9fdfdcc4c16b" title="Return the current position." alt="" coords="513,53,607,77">
<area shape="rect" href="$classPsoStatistics.html#22645aac349492460cb782a7c87ed3f4" title="For noisy functions, the value at the best perceived position." alt="" coords="741,77,971,101">
<area shape="rect" href="$classPsoStatistics.html#1d3cbd813114a32bf18cc71c6a86251e" title="PsoStatistics::addGlobalBest" alt="" coords="760,125,952,149">
<area shape="rect" href="$classPSO.html#f4a2d70abe3be905c903502e806da3d3" title="Calls Function::evaluate of the implemented optimization function." alt="" coords="791,513,921,537">
<area shape="rect" href="$classBird.html#ce844c5f8c4b379fcbf7dac32689d651" title="Return the personal best position." alt="" coords="796,851,916,875">
<area shape="rect" href="$classBird.html#9e93d67d4232ccd557f4e4293ebbe8f5" title="Return the function value of the personal best position." alt="" coords="792,289,920,313">
<area shape="rect" href="$classPSO.html#9a41fda12a9a5a81b97fc5183620f77b" title="Comparsion function depending on the kind of optimization problem (max, min)." alt="" coords="805,187,907,211">
<area shape="rect" href="$classPsoStatistics.html#84f90498fd9477122cf1dd5541a18691" title="PsoStatistics::changeDetected" alt="" coords="460,731,660,755">
<area shape="rect" href="$classPSO.html#9f0b500a00467d6a2332f2094d585245" title="For hierachyChangeDetect at what number of swaps a change is detected." alt="" coords="428,779,692,803">
<area shape="rect" href="$classPsoStatistics.html#fbff3218d9cf6a42ba38ac14d9c92fdd" title="Get the number of swaps in PyramidSwarm at step." alt="" coords="459,827,661,851">
<area shape="rect" href="$classSwarm.html#75d0b85dc6fa2ec069f1580e0386faee" title="Required for DynamicPyramidSwarm." alt="" coords="499,875,621,899">
<area shape="rect" href="$classPSO.html#7407b0e27405a6d49159ff8afb0d2e18" title="If a change of the dynamic function has occured in the current iteration." alt="" coords="479,923,641,947">
<area shape="rect" href="$classBird.html#d727d4ff5f291fa2098dbc9f609ed05b" title="For dynamic functions the function value of the personal best position is updated..." alt="" coords="485,971,635,995">
<area shape="rect" href="$classPsoStatistics.html#6ff0044f38bab5187ac001bce0d73a5d" title="PsoStatistics::addAverage" alt="" coords="472,248,648,272">
<area shape="rect" href="$classPsoStatistics.html#05194411c59d0027efa884a4cee08fd3" title="PsoStatistics::addIterationBest" alt="" coords="459,296,661,320">
<area shape="rect" href="$classBird.html#1bd5c0e3711cd3aae93a0eeee0fd6c15" title="Evaluate the function at the current position and store new best value." alt="" coords="489,344,631,368">
<area shape="rect" href="$classPsoStatistics.html#d3e52ecec8fefe72150dd6b53abe6c12" title="PsoStatistics::finishAverage" alt="" coords="467,392,653,416">
<area shape="rect" href="$classBird.html#bf844d57c7542b2bd8dba8d8aae84b96" title="Return the function value at the current position." alt="" coords="488,440,632,464">
<area shape="rect" href="$classPSO.html#e6edebe0b4bb447c95b9ec8c4846daa0" title="Return the worst evaluation value, depending on (max, min) problem." alt="" coords="511,488,609,512">
<area shape="rect" href="$classPsoStatistics.html#f6a8ad5a404e02507a2e8bbaa1235c0f" title="PsoStatistics::initAverage" alt="" coords="475,536,645,560">
<area shape="rect" href="$tools_8cpp.html#d7aa76daee98b16913a0e7f380896510" title="printVec" alt="" coords="527,584,593,608">
<area shape="rect" href="$classFunction.html#6b8d4f0e5f160a7ead82d28c96046955" title="Function::getDynamicStyle" alt="" coords="471,1547,649,1571">
<area shape="rect" href="$classPsoStatistics.html#1fd7ea6e68ab77ad741a0dea3a26012e" title="Log the current function error." alt="" coords="461,1163,659,1187">
<area shape="rect" href="$movpeaks_8c.html#b7b884e48cda58a8d8278e17fcb1ab68" title="get_current_error" alt="" coords="500,1211,620,1235">
<area shape="rect" href="$classPsoStatistics.html#da296b91e976a0d5789e7a79e4b1dccf" title="PsoStatistics::getActualGlobalBest" alt="" coords="447,1259,673,1283">
<area shape="rect" href="$classFunction.html#e6d1592d71358ccb6b1cab1e694ed52b" title="Returns the goal value, given by the benchmark." alt="" coords="499,1307,621,1331">
<area shape="rect" href="$classFunction.html#cf92330874c4783b53c2d61733d418e5" title="Returns the global optimum value." alt="" coords="501,1355,619,1379">
<area shape="rect" href="$classPSO.html#73b6f8b856198c230a8e8820c0ff9754" title="PSO::getSwarm" alt="" coords="503,1403,617,1427">
<area shape="rect" href="$classPsoStatistics.html#5a4bd7d3c0f620a4441263aa366c7ef9" title="Called by PSO if the given goal for the optimization function is reached." alt="" coords="469,1451,651,1475">
<area shape="rect" href="$classPSO.html#d1599ea09344d65e4aaa533edafebd39" title="Comparsion function depending on the kind of optimization problem (max, min)." alt="" coords="492,1499,628,1523">
<area shape="rect" href="$classSwarm.html#a76268fe09067ed70b04d8bd9d487a22" title="Swarm::localSearch" alt="" coords="492,1019,628,1043">
<area shape="rect" href="$classPsoStatistics.html#032e6c1d794cf3c6dd083c20d3a6ad17" title="Called by PSO if the given optimum value for the optimization function is reached..." alt="" coords="472,1067,648,1091">
<area shape="rect" href="$classPsoStatistics.html#6eeabeed3d61750743e14c6edadffd6d" title="Increase psoStep." alt="" coords="468,1115,652,1139">
