<area shape="rect" href="$classPSO.html#f4a2d70abe3be905c903502e806da3d3" title="Calls Function::evaluate of the implemented optimization function." alt="" coords="185,126,316,150">
<area shape="rect" href="$classFunction.html#add009c15298f8cbbf62958f62e49b0e" title="Function::get_max_x" alt="" coords="179,174,323,198">
<area shape="rect" href="$classFunction.html#8831e5c15811e7090a9fcc2cdae162b6" title="Function::get_min_x" alt="" coords="181,222,320,246">
<area shape="rect" href="$classPSO.html#9a41fda12a9a5a81b97fc5183620f77b" title="Comparsion function depending on the kind of optimization problem (max, min)." alt="" coords="200,270,301,294">
<area shape="rect" href="$tools_8cpp.html#9ace512de549f107381a747c6677e990" title="Wrapper to GSL Function call." alt="" coords="189,318,312,342">
<area shape="rect" href="$tools_8cpp.html#5112f83bc0660a5a31f59132cfc50716" title="Wrapper to GSL Function call." alt="" coords="201,366,300,390">
<area shape="rect" href="$classFunction.html#af172a6b18b99aeeccdc22d408a5fc29" title="Add noise to the position." alt="" coords="393,6,548,30">
<area shape="rect" href="$classFunction.html#f19cf9d966785fd17c0c0b94d5483d99" title="Scale value with noise." alt="" coords="372,54,569,78">
<area shape="rect" href="$classFunction.html#ecbc9e3a5181a8ba35af8c60a3b28c11" title="Add noise to the value." alt="" coords="395,102,547,126">
<area shape="rect" href="$classFunction.html#159260a1fc3afa8932491e4057b6b844" title="The evaluation function has to be present, since it is the decisive part of the function..." alt="" coords="407,150,535,174">
<area shape="rect" href="$classPsoStatistics.html#b2d2a9dcc6d8768be003c8a32d99c308" title="PsoStatistics::evaluated" alt="" coords="389,198,552,222">
<area shape="rect" href="$classFunction.html#5d1c101ec674fb9c792fe119897693ff" title="Function::getNoiseStyle" alt="" coords="391,246,551,270">
<area shape="rect" href="$tools_8cpp.html#4e18622b1241fd9510728a92cc37c471" title="Return gaussian distributed double from [0;1)." alt="" coords="619,54,760,78">
