<area shape="rect" href="$classpso_1_1Function.html" title="pso::Function" alt="" coords="161,342,260,366">
<area shape="rect" href="$classpso_1_1PSO.html" title="pso::PSO" alt="" coords="172,678,249,702">
<area shape="rect" href="$classpso_1_1PsoStatistics.html" title="pso::PsoStatistics" alt="" coords="147,726,275,750">
<area shape="rect" href="$classpso_1_1Ackley.html" title="pso::Ackley" alt="" coords="351,6,441,30">
<area shape="rect" href="$classpso_1_1Freudenstein.html" title="pso::Freudenstein" alt="" coords="333,54,459,78">
<area shape="rect" href="$classpso_1_1FunctionPtr.html" title="pso::FunctionPtr" alt="" coords="337,102,455,126">
<area shape="rect" href="$classpso_1_1Griewank.html" title="pso::Griewank" alt="" coords="344,150,448,174">
<area shape="rect" href="$classpso_1_1Levy5.html" title="pso::Levy5" alt="" coords="353,198,439,222">
<area shape="rect" href="$classpso_1_1MovingGoal.html" title="pso::MovingGoal" alt="" coords="336,246,456,270">
<area shape="rect" href="$classpso_1_1MovingPeaks.html" title="pso::MovingPeaks" alt="" coords="332,294,460,318">
<area shape="rect" href="$classpso_1_1Quadric.html" title="pso::Quadric" alt="" coords="348,342,444,366">
<area shape="rect" href="$classpso_1_1Rastrigin.html" title="pso::Rastrigin" alt="" coords="345,390,447,414">
<area shape="rect" href="$classpso_1_1Rosenbrock.html" title="pso::Rosenbrock" alt="" coords="336,438,456,462">
<area shape="rect" href="$classpso_1_1Schaffer.html" title="pso::Schaffer" alt="" coords="347,486,445,510">
<area shape="rect" href="$classpso_1_1Schwefel.html" title="pso::Schwefel" alt="" coords="344,534,448,558">
<area shape="rect" href="$classpso_1_1Sinusoidal.html" title="pso::Sinusoidal" alt="" coords="341,582,451,606">
<area shape="rect" href="$classpso_1_1Sphere.html" title="pso::Sphere" alt="" coords="351,630,441,654">
<area shape="rect" href="$classpso_1_1AckleyPtr.html" title="pso::AckleyPtr" alt="" coords="537,6,644,30">
<area shape="rect" href="$classpso_1_1FreudensteinPtr.html" title="pso::FreudensteinPtr" alt="" coords="520,54,661,78">
<area shape="rect" href="$classpso_1_1GriewankPtr.html" title="pso::GriewankPtr" alt="" coords="531,150,651,174">
<area shape="rect" href="$classpso_1_1Levy5Ptr.html" title="pso::Levy5Ptr" alt="" coords="540,198,641,222">
<area shape="rect" href="$classpso_1_1MovingGoalPtr.html" title="pso::MovingGoalPtr" alt="" coords="523,246,659,270">
<area shape="rect" href="$classpso_1_1MovingPeaksPtr.html" title="pso::MovingPeaksPtr" alt="" coords="517,294,664,318">
<area shape="rect" href="$classpso_1_1QuadricPtr.html" title="pso::QuadricPtr" alt="" coords="535,342,647,366">
<area shape="rect" href="$classpso_1_1RastriginPtr.html" title="pso::RastriginPtr" alt="" coords="532,390,649,414">
<area shape="rect" href="$classpso_1_1RosenbrockPtr.html" title="pso::RosenbrockPtr" alt="" coords="523,438,659,462">
<area shape="rect" href="$classpso_1_1SchafferPtr.html" title="pso::SchafferPtr" alt="" coords="533,486,648,510">
<area shape="rect" href="$classpso_1_1SchwefelPtr.html" title="pso::SchwefelPtr" alt="" coords="531,534,651,558">
<area shape="rect" href="$classpso_1_1SinusoidalPtr.html" title="pso::SinusoidalPtr" alt="" coords="527,582,655,606">
<area shape="rect" href="$classpso_1_1SpherePtr.html" title="pso::SpherePtr" alt="" coords="537,630,644,654">
<area shape="rect" href="$classpso_1_1PSOPtr.html" title="pso::PSOPtr" alt="" coords="348,678,444,702">
<area shape="rect" href="$classpso_1_1PsoStatisticsPtr.html" title="pso::PsoStatisticsPtr" alt="" coords="324,726,468,750">
