<area shape="rect" href="$classFunction.html" title="The optimized function." alt="" coords="5,318,77,342">
<area shape="rect" href="$classAckley.html" title="The Ackley function." alt="" coords="145,6,207,30">
<area shape="rect" href="$classFreudenstein.html" title="The Freudenstein function." alt="" coords="128,54,224,78">
<area shape="rect" href="$classGriewank.html" title="The Griewank function." alt="" coords="139,102,213,126">
<area shape="rect" href="$classLevy5.html" title="The Levy5 function." alt="" coords="148,150,204,174">
<area shape="rect" href="$classMovingGoal.html" title="The MovingGoal function." alt="" coords="131,198,221,222">
<area shape="rect" href="$classMovingPeaks.html" title="The MovingPeaks function." alt="" coords="127,246,225,270">
<area shape="rect" href="$classQuadric.html" title="The Quadric function." alt="" coords="143,294,209,318">
<area shape="rect" href="$classRastrigin.html" title="The Rastrigin function." alt="" coords="140,342,212,366">
<area shape="rect" href="$classRosenbrock.html" title="The Rosenbrock function." alt="" coords="131,390,221,414">
<area shape="rect" href="$classSchaffer.html" title="The Schaffer function." alt="" coords="141,438,211,462">
<area shape="rect" href="$classSchwefel.html" title="The Schwefel function." alt="" coords="139,486,213,510">
<area shape="rect" href="$classSinusoidal.html" title="The Sinusoidal function." alt="" coords="136,534,216,558">
<area shape="rect" href="$classSphere.html" title="The Sphere function." alt="" coords="145,582,207,606">
<area shape="rect" href="$classZitzler3.html" title="The second part of the multimodal Zitzler3 function." alt="" coords="144,630,208,654">
