<area shape="rect" href="$classPsoStatistics.html#73939838a30fc8acd1ae82f8565775a6" title="PsoStatistics::getGlobalBest" alt="" coords="113,149,303,173">
<area shape="rect" href="$classPsoStatistics.html#381381c8157a927f1c10eb1a0c7160e1" title="The number of functions evaluations until step." alt="" coords="105,197,311,221">
<area shape="rect" href="$classLSearch.html#eb6f8ee3b08db0f323598a192a1d0f72" title="LSearch::LSearch" alt="" coords="396,488,521,512">
<area shape="rect" href="$classPSO.html#bf1bde2032c0f5be197934475851c216" title="PSO::printParameter" alt="" coords="137,245,279,269">
<area shape="rect" href="$classLSearch.html#bac6ce81e34ee717b854ec1772962883" title="LSearch::step" alt="" coords="157,560,259,584">
<area shape="rect" href="$classPSO.html#f4a2d70abe3be905c903502e806da3d3" title="Calls Function::evaluate of the implemented optimization function." alt="" coords="612,536,743,560">
<area shape="rect" href="$classPSO.html#9da7242360b57a226143a6b60547021b" title="The dimension of the search space is returned." alt="" coords="625,440,729,464">
<area shape="rect" href="$classFunction.html#add009c15298f8cbbf62958f62e49b0e" title="Function::get_max_x" alt="" coords="605,584,749,608">
<area shape="rect" href="$classFunction.html#8831e5c15811e7090a9fcc2cdae162b6" title="Function::get_min_x" alt="" coords="608,632,747,656">
<area shape="rect" href="$tools_8cpp.html#9ace512de549f107381a747c6677e990" title="Wrapper to GSL Function call." alt="" coords="616,488,739,512">
<area shape="rect" href="$classFunction.html#af172a6b18b99aeeccdc22d408a5fc29" title="Add noise to the position." alt="" coords="820,536,975,560">
<area shape="rect" href="$classFunction.html#f19cf9d966785fd17c0c0b94d5483d99" title="Scale value with noise." alt="" coords="799,584,996,608">
<area shape="rect" href="$classFunction.html#ecbc9e3a5181a8ba35af8c60a3b28c11" title="Add noise to the value." alt="" coords="821,632,973,656">
<area shape="rect" href="$classFunction.html#159260a1fc3afa8932491e4057b6b844" title="The evaluation function has to be present, since it is the decisive part of the function..." alt="" coords="833,440,961,464">
<area shape="rect" href="$classPsoStatistics.html#b2d2a9dcc6d8768be003c8a32d99c308" title="PsoStatistics::evaluated" alt="" coords="816,488,979,512">
<area shape="rect" href="$classFunction.html#5d1c101ec674fb9c792fe119897693ff" title="Function::getNoiseStyle" alt="" coords="817,392,977,416">
<area shape="rect" href="$tools_8cpp.html#4e18622b1241fd9510728a92cc37c471" title="Return gaussian distributed double from [0;1)." alt="" coords="1045,584,1187,608">
<area shape="rect" href="$classSwarm.html#1f6eec525de52241c5b1272a07361e20" title="Swarm::get_detectionMethod" alt="" coords="364,197,553,221">
<area shape="rect" href="$classFunction.html#ea2630ebec2607a174840b321597a944" title="Returns the moveDistance for the optimization function." alt="" coords="365,245,552,269">
<area shape="rect" href="$classFunction.html#56b76e8cc2d8fc7abb79f1e0110597fb" title="Returns the moveFrequency for the optimization function." alt="" coords="360,293,557,317">
<area shape="rect" href="$classFunction.html#33fd72428c3ffe097f282d5172b6a512" title="Returns the optimumMoveStyle for the optimization function." alt="" coords="367,341,551,365">
<area shape="rect" href="$classSwarm.html#eee2a8aaef1290bf85df295881aab486" title="Swarm::get_responseMethod" alt="" coords="364,5,553,29">
<area shape="rect" href="$classFunction.html#dfeaef589691aea723b6b713763b37be" title="Returns the updateStyle (periodic, onGoal) for the optimization function." alt="" coords="372,53,545,77">
<area shape="rect" href="$classFunction.html#6b8d4f0e5f160a7ead82d28c96046955" title="Function::getDynamicStyle" alt="" coords="369,101,548,125">
<area shape="rect" href="$classFunction.html#b91fde86475670d74b292373558f8c94" title="Function::getNoiseSigma" alt="" coords="375,149,543,173">
<area shape="rect" href="$classPsoStatistics.html#1d3cbd813114a32bf18cc71c6a86251e" title="PsoStatistics::addGlobalBest" alt="" coords="363,536,555,560">
<area shape="rect" href="$classPSO.html#04484a7607a0bafc3b66f5de4609568d" title="perform a local search around the passed bird&#39;s best position" alt="" coords="396,584,521,608">
<area shape="rect" href="$classPsoStatistics.html#6eeabeed3d61750743e14c6edadffd6d" title="Increase psoStep." alt="" coords="367,632,551,656">
<area shape="rect" href="$classPSO.html#9a41fda12a9a5a81b97fc5183620f77b" title="Comparsion function depending on the kind of optimization problem (max, min)." alt="" coords="627,680,728,704">
<area shape="rect" href="$tools_8cpp.html#5112f83bc0660a5a31f59132cfc50716" title="Wrapper to GSL Function call." alt="" coords="628,728,727,752">
