<area shape="rect" href="$pso__wrap_8cpp.html#d806a8190760bbc9f3bb2c2b26a4d85b" title="SWIG_As_bool" alt="" coords="301,25,411,49">
<area shape="rect" href="$pso__wrap_8cpp.html#d3e41ea0c866a9cfb1bedd7beb29bf5e" title="SWIG_As_int" alt="" coords="307,73,405,97">
<area shape="rect" href="$pso__wrap_8cpp.html#aa141c91811a809ad2809c7f0b0b98d4" title="SWIG_Python_ConvertPtr" alt="" coords="269,270,443,294">
<area shape="rect" href="$pso__wrap_8cpp.html#cfba6822dbc2e721a86f8193845659fc" title="SWIG_AsVal_bool" alt="" coords="511,24,639,48">
<area shape="rect" href="$pso__wrap_8cpp.html#4dfa81ca07e717877f4eaaea8041867e" title="SWIG_AsVal_int" alt="" coords="729,49,847,73">
<area shape="rect" href="$pso__wrap_8cpp.html#ca3c78b106b24b292a156d1f2e9d6bf7" title="SWIG_AsVal_long" alt="" coords="933,49,1061,73">
<area shape="rect" href="$pso__wrap_8cpp.html#2043c786f7af8a3b13afdaec230de1d7" title="PySwigObject_AsVoidPtr" alt="" coords="491,122,659,146">
<area shape="rect" href="$pso__wrap_8cpp.html#7fabac628f98725b7869762b75b1cbf9" title="PySwigObject_Check" alt="" coords="715,197,861,221">
<area shape="rect" href="$pso__wrap_8cpp.html#c6d3897c726b22a72be5f7e62473bc05" title="PySwigObject_GetDesc" alt="" coords="708,258,868,282">
<area shape="rect" href="$pso__wrap_8cpp.html#c487bf25fd5238c01ad35edf4dde586f" title="SWIG_Python_TypeError" alt="" coords="491,221,659,245">
<area shape="rect" href="$pso__wrap_8cpp.html#11be4bad1a18f981cbad9ead0dc5379b" title="SWIG_TypeCast" alt="" coords="516,320,633,344">
<area shape="rect" href="$pso__wrap_8cpp.html#229192988f5c63f801651a2213a64225" title="SWIG_TypeCheck" alt="" coords="511,368,639,392">
<area shape="rect" href="$pso__wrap_8cpp.html#3f38ea686cb3f85bf6a15b08416f2684" title="SWIG_TypePrettyName" alt="" coords="495,416,655,440">
<area shape="rect" href="$pso__wrap_8cpp.html#e3e13f3464cb74f7e5d9f7a50a6855c0" title="SWIG_UnpackVoidPtr" alt="" coords="500,464,649,488">
<area shape="rect" href="$pso__wrap_8cpp.html#e3b3f0786c1172d918243acb71f109e0" title="PySwigObject_GetType" alt="" coords="917,197,1077,221">
<area shape="rect" href="$namespacekp.html#a6813c11eeb1c091cdd1eff62de70914" title="kp::destructor" alt="" coords="1155,5,1256,29">
<area shape="rect" href="$pso__wrap_8cpp.html#c9f4d92892b03080d537c5d2f5b67406" title="PySwigObject_compare" alt="" coords="1125,53,1285,77">
<area shape="rect" href="$pso__wrap_8cpp.html#2f36a772416c78adae033b6a98fc49ad" title="PySwigObject_dealloc" alt="" coords="1129,101,1281,125">
<area shape="rect" href="$pso__wrap_8cpp.html#8d7ea1d473d3a3f36d240ea30f9db809" title="PySwigObject_hex" alt="" coords="1140,149,1271,173">
<area shape="rect" href="$pso__wrap_8cpp.html#be6625f2a16f357e494899259d922675" title="PySwigObject_long" alt="" coords="1139,197,1272,221">
<area shape="rect" href="$pso__wrap_8cpp.html#0cffee93d733cf5ed9e63ee2044b6895" title="PySwigObject_oct" alt="" coords="1141,245,1269,269">
<area shape="rect" href="$pso__wrap_8cpp.html#b1501b69b77ed0b75a0ee10cb296c9a5" title="PySwigObject_print" alt="" coords="1137,293,1273,317">
<area shape="rect" href="$pso__wrap_8cpp.html#57c895e43b7691befbf41d770e593b4e" title="PySwigObject_repr" alt="" coords="1140,341,1271,365">
<area shape="rect" href="$pso__wrap_8cpp.html#1a26b3b5411d93510e226b6014951fe5" title="PySwigObject_str" alt="" coords="1143,389,1268,413">
<area shape="rect" href="$pso__wrap_8cpp.html#10c5572eb6206df7c95c8a2fcde90911" title="SWIG_PackVoidPtr" alt="" coords="1333,341,1469,365">
<area shape="rect" href="$pso__wrap_8cpp.html#02c2ac3db8ce87dd62813334e66c9a3a" title="SWIG_PackData" alt="" coords="1517,341,1637,365">
<area shape="rect" href="$pso__wrap_8cpp.html#80e9e66f66413297452de92c69cdf9d7" title="SWIG_UnpackData" alt="" coords="721,464,855,488">
