<area shape="rect" href="$namespacekp.html#a6813c11eeb1c091cdd1eff62de70914" title="kp::destructor" alt="" coords="243,6,344,30">
<area shape="rect" href="$pso__wrap_8cpp.html#c9f4d92892b03080d537c5d2f5b67406" title="PySwigObject_compare" alt="" coords="213,54,373,78">
<area shape="rect" href="$pso__wrap_8cpp.html#2f36a772416c78adae033b6a98fc49ad" title="PySwigObject_dealloc" alt="" coords="217,102,369,126">
<area shape="rect" href="$pso__wrap_8cpp.html#8d7ea1d473d3a3f36d240ea30f9db809" title="PySwigObject_hex" alt="" coords="228,150,359,174">
<area shape="rect" href="$pso__wrap_8cpp.html#be6625f2a16f357e494899259d922675" title="PySwigObject_long" alt="" coords="227,198,360,222">
<area shape="rect" href="$pso__wrap_8cpp.html#0cffee93d733cf5ed9e63ee2044b6895" title="PySwigObject_oct" alt="" coords="229,246,357,270">
<area shape="rect" href="$pso__wrap_8cpp.html#b1501b69b77ed0b75a0ee10cb296c9a5" title="PySwigObject_print" alt="" coords="225,294,361,318">
<area shape="rect" href="$pso__wrap_8cpp.html#57c895e43b7691befbf41d770e593b4e" title="PySwigObject_repr" alt="" coords="228,342,359,366">
<area shape="rect" href="$pso__wrap_8cpp.html#1a26b3b5411d93510e226b6014951fe5" title="PySwigObject_str" alt="" coords="231,390,356,414">
<area shape="rect" href="$pso__wrap_8cpp.html#10c5572eb6206df7c95c8a2fcde90911" title="SWIG_PackVoidPtr" alt="" coords="421,342,557,366">
<area shape="rect" href="$pso__wrap_8cpp.html#02c2ac3db8ce87dd62813334e66c9a3a" title="SWIG_PackData" alt="" coords="605,342,725,366">
