<area shape="rect" href="$pso__wrap_8cpp.html#e28dbdb633eb65656063bcc7f1a83d89" title="PySwigPacked_GetType" alt="" coords="208,126,373,150">
<area shape="rect" href="$namespacekp.html#a6813c11eeb1c091cdd1eff62de70914" title="kp::destructor" alt="" coords="455,6,556,30">
<area shape="rect" href="$pso__wrap_8cpp.html#ad234ecbc3820c212fdcb809fc9b5821" title="PySwigPacked_compare" alt="" coords="423,54,588,78">
<area shape="rect" href="$pso__wrap_8cpp.html#0cd7f9d0a4e2c218fae2658eab543194" title="PySwigPacked_dealloc" alt="" coords="427,102,584,126">
<area shape="rect" href="$pso__wrap_8cpp.html#173be9af0e11bd61387f9398cc3848c4" title="PySwigPacked_print" alt="" coords="435,150,576,174">
<area shape="rect" href="$pso__wrap_8cpp.html#fe4230f7d7cd8572675591d9bd567e39" title="PySwigPacked_repr" alt="" coords="436,198,575,222">
<area shape="rect" href="$pso__wrap_8cpp.html#4aafdf94b1093eb068db5a38cae9bd9b" title="PySwigPacked_str" alt="" coords="440,246,571,270">
<area shape="rect" href="$pso__wrap_8cpp.html#f903e6809a1fb2ba06deff49795c6e65" title="SWIG_PackDataName" alt="" coords="637,198,792,222">
<area shape="rect" href="$pso__wrap_8cpp.html#02c2ac3db8ce87dd62813334e66c9a3a" title="SWIG_PackData" alt="" coords="840,198,960,222">
