<area shape="rect" href="$pso__wrap_8cpp.html#ec5caf5aeb21cf58c225d5ab94d4ec36" title="PySwigPacked_FromDataAndDesc" alt="" coords="253,198,480,222">
<area shape="rect" href="$pso__wrap_8cpp.html#f903e6809a1fb2ba06deff49795c6e65" title="SWIG_PackDataName" alt="" coords="957,222,1112,246">
<area shape="rect" href="$pso__wrap_8cpp.html#e28dbdb633eb65656063bcc7f1a83d89" title="PySwigPacked_GetType" alt="" coords="528,150,693,174">
<area shape="rect" href="$namespacekp.html#a6813c11eeb1c091cdd1eff62de70914" title="kp::destructor" alt="" coords="775,6,876,30">
<area shape="rect" href="$pso__wrap_8cpp.html#ad234ecbc3820c212fdcb809fc9b5821" title="PySwigPacked_compare" alt="" coords="743,54,908,78">
<area shape="rect" href="$pso__wrap_8cpp.html#0cd7f9d0a4e2c218fae2658eab543194" title="PySwigPacked_dealloc" alt="" coords="747,102,904,126">
<area shape="rect" href="$pso__wrap_8cpp.html#173be9af0e11bd61387f9398cc3848c4" title="PySwigPacked_print" alt="" coords="755,150,896,174">
<area shape="rect" href="$pso__wrap_8cpp.html#fe4230f7d7cd8572675591d9bd567e39" title="PySwigPacked_repr" alt="" coords="756,198,895,222">
<area shape="rect" href="$pso__wrap_8cpp.html#4aafdf94b1093eb068db5a38cae9bd9b" title="PySwigPacked_str" alt="" coords="760,246,891,270">
<area shape="rect" href="$pso__wrap_8cpp.html#02c2ac3db8ce87dd62813334e66c9a3a" title="SWIG_PackData" alt="" coords="1160,222,1280,246">
