<area shape="rect" href="$pso__wrap_8cpp.html#d3e41ea0c866a9cfb1bedd7beb29bf5e" title="SWIG_As_int" alt="" coords="304,149,403,173">
<area shape="rect" href="$pso__wrap_8cpp.html#aa141c91811a809ad2809c7f0b0b98d4" title="SWIG_Python_ConvertPtr" alt="" coords="267,270,440,294">
<area shape="rect" href="$pso__wrap_8cpp.html#4dfa81ca07e717877f4eaaea8041867e" title="SWIG_AsVal_int" alt="" coords="513,74,631,98">
<area shape="rect" href="$pso__wrap_8cpp.html#ca3c78b106b24b292a156d1f2e9d6bf7" title="SWIG_AsVal_long" alt="" coords="721,74,849,98">
<area shape="rect" href="$pso__wrap_8cpp.html#2043c786f7af8a3b13afdaec230de1d7" title="PySwigObject_AsVoidPtr" alt="" coords="488,122,656,146">
<area shape="rect" href="$pso__wrap_8cpp.html#7fabac628f98725b7869762b75b1cbf9" title="PySwigObject_Check" alt="" coords="712,197,859,221">
<area shape="rect" href="$pso__wrap_8cpp.html#c6d3897c726b22a72be5f7e62473bc05" title="PySwigObject_GetDesc" alt="" coords="705,258,865,282">
<area shape="rect" href="$pso__wrap_8cpp.html#c487bf25fd5238c01ad35edf4dde586f" title="SWIG_Python_TypeError" alt="" coords="488,221,656,245">
<area shape="rect" href="$pso__wrap_8cpp.html#11be4bad1a18f981cbad9ead0dc5379b" title="SWIG_TypeCast" alt="" coords="513,320,631,344">
<area shape="rect" href="$pso__wrap_8cpp.html#229192988f5c63f801651a2213a64225" title="SWIG_TypeCheck" alt="" coords="508,368,636,392">
<area shape="rect" href="$pso__wrap_8cpp.html#3f38ea686cb3f85bf6a15b08416f2684" title="SWIG_TypePrettyName" alt="" coords="492,416,652,440">
<area shape="rect" href="$pso__wrap_8cpp.html#e3e13f3464cb74f7e5d9f7a50a6855c0" title="SWIG_UnpackVoidPtr" alt="" coords="497,464,647,488">
<area shape="rect" href="$pso__wrap_8cpp.html#e3b3f0786c1172d918243acb71f109e0" title="PySwigObject_GetType" alt="" coords="915,197,1075,221">
<area shape="rect" href="$namespacekp.html#a6813c11eeb1c091cdd1eff62de70914" title="kp::destructor" alt="" coords="1152,5,1253,29">
<area shape="rect" href="$pso__wrap_8cpp.html#c9f4d92892b03080d537c5d2f5b67406" title="PySwigObject_compare" alt="" coords="1123,53,1283,77">
<area shape="rect" href="$pso__wrap_8cpp.html#2f36a772416c78adae033b6a98fc49ad" title="PySwigObject_dealloc" alt="" coords="1127,101,1279,125">
<area shape="rect" href="$pso__wrap_8cpp.html#8d7ea1d473d3a3f36d240ea30f9db809" title="PySwigObject_hex" alt="" coords="1137,149,1268,173">
<area shape="rect" href="$pso__wrap_8cpp.html#be6625f2a16f357e494899259d922675" title="PySwigObject_long" alt="" coords="1136,197,1269,221">
<area shape="rect" href="$pso__wrap_8cpp.html#0cffee93d733cf5ed9e63ee2044b6895" title="PySwigObject_oct" alt="" coords="1139,245,1267,269">
<area shape="rect" href="$pso__wrap_8cpp.html#b1501b69b77ed0b75a0ee10cb296c9a5" title="PySwigObject_print" alt="" coords="1135,293,1271,317">
<area shape="rect" href="$pso__wrap_8cpp.html#57c895e43b7691befbf41d770e593b4e" title="PySwigObject_repr" alt="" coords="1137,341,1268,365">
<area shape="rect" href="$pso__wrap_8cpp.html#1a26b3b5411d93510e226b6014951fe5" title="PySwigObject_str" alt="" coords="1140,389,1265,413">
<area shape="rect" href="$pso__wrap_8cpp.html#10c5572eb6206df7c95c8a2fcde90911" title="SWIG_PackVoidPtr" alt="" coords="1331,341,1467,365">
<area shape="rect" href="$pso__wrap_8cpp.html#02c2ac3db8ce87dd62813334e66c9a3a" title="SWIG_PackData" alt="" coords="1515,341,1635,365">
<area shape="rect" href="$pso__wrap_8cpp.html#80e9e66f66413297452de92c69cdf9d7" title="SWIG_UnpackData" alt="" coords="719,464,852,488">
