<area shape="rect" href="$pso__globals_8h.html" title="/home/andrej/workspace/hpso/pso_src/pso_globals.h" alt="" coords="637,81,965,105">
<area shape="rect" href="$pso__statistics_8cpp.html" title="/home/andrej/workspace/hpso/pso_src/pso_statistics.cpp" alt="" coords="989,81,1344,105">
<area shape="rect" href="$bird_8h.html" title="/home/andrej/workspace/hpso/pso_src/bird.h" alt="" coords="32,156,312,180">
<area shape="rect" href="$lsearch_8h.html" title="/home/andrej/workspace/hpso/pso_src/lsearch.h" alt="" coords="336,156,637,180">
<area shape="rect" href="$pso_8h.html" title="/home/andrej/workspace/hpso/pso_src/pso.h" alt="" coords="661,156,941,180">
<area shape="rect" href="$pso__globals_8cpp.html" title="/home/andrej/workspace/hpso/pso_src/pso_globals.cpp" alt="" coords="965,156,1307,180">
<area shape="rect" href="$pso__wrap_8cpp.html" title="/home/andrej/workspace/hpso/pso_src/pso_wrap.cpp" alt="" coords="1331,156,1659,180">
<area shape="rect" href="$swarm_8h.html" title="/home/andrej/workspace/hpso/pso_src/swarm.h" alt="" coords="1683,156,1979,180">
<area shape="rect" href="$bird_8cpp.html" title="/home/andrej/workspace/hpso/pso_src/bird.cpp" alt="" coords="5,230,299,254">
<area shape="rect" href="$lsearch_8cpp.html" title="/home/andrej/workspace/hpso/pso_src/lsearch.cpp" alt="" coords="323,230,637,254">
<area shape="rect" href="$pso_8cpp.html" title="/home/andrej/workspace/hpso/pso_src/pso.cpp" alt="" coords="661,230,955,254">
<area shape="rect" href="$runpso_8cpp.html" title="/home/andrej/workspace/hpso/pso_src/runpso.cpp" alt="" coords="979,230,1291,254">
<area shape="rect" href="$swarm_8cpp.html" title="/home/andrej/workspace/hpso/pso_src/swarm.cpp" alt="" coords="1675,230,1987,254">
