<area shape="rect" href="$pso__wrap_8cpp.html#d1ce62b45c620e8d35ebe45f6ce942e0" title="_wrap_new_PSO__SWIG_0" alt="" coords="173,135,357,159">
<area shape="rect" href="$pso__wrap_8cpp.html#37639dfbfc51e7762456574015eddc34" title="_wrap_new_PSO__SWIG_1" alt="" coords="173,39,357,63">
<area shape="rect" href="$pso__wrap_8cpp.html#64c2e81f8c2da14d08525e88e48519b5" title="_wrap_new_PSO__SWIG_2" alt="" coords="173,87,357,111">
<area shape="rect" href="$pso__wrap_8cpp.html#b7d1899a583fe73ef343e46f70be318a" title="SWIG_Check_double" alt="" coords="407,15,551,39">
<area shape="rect" href="$pso__wrap_8cpp.html#b5411f1e9c31d010fa42b506e240bb95" title="SWIG_Check_int" alt="" coords="419,183,539,207">
<area shape="rect" href="$pso__wrap_8cpp.html#bbced452d8712c837c2ddfc1857b61f3" title="SWIG_As_double" alt="" coords="417,87,540,111">
<area shape="rect" href="$pso__wrap_8cpp.html#d3e41ea0c866a9cfb1bedd7beb29bf5e" title="SWIG_As_int" alt="" coords="429,135,528,159">
<area shape="rect" href="$pso__wrap_8cpp.html#14604bc0932d6a4a99475970ac783697" title="SWIG_AsVal_double" alt="" coords="601,75,743,99">
<area shape="rect" href="$pso__wrap_8cpp.html#4dfa81ca07e717877f4eaaea8041867e" title="SWIG_AsVal_int" alt="" coords="613,147,731,171">
<area shape="rect" href="$pso__wrap_8cpp.html#ca3c78b106b24b292a156d1f2e9d6bf7" title="SWIG_AsVal_long" alt="" coords="792,147,920,171">
