<area shape="rect" href="$pso__wrap_8cpp.html#23e6f61475f89bf7fcfd223bc18c2f36" title="_wrap_new_PsoStatistics__SWIG_0" alt="" coords="225,5,457,29">
<area shape="rect" href="$pso__wrap_8cpp.html#af0855b7f2640c3f7f920513559b4c69" title="_wrap_new_PsoStatistics__SWIG_1" alt="" coords="225,53,457,77">
<area shape="rect" href="$pso__wrap_8cpp.html#40f9e24020068eb6267b2f2525f1b169" title="_wrap_new_PsoStatistics__SWIG_2" alt="" coords="225,101,457,125">
<area shape="rect" href="$pso__wrap_8cpp.html#9fcecee4b2033deeff7d7287727c40ee" title="_wrap_new_PsoStatistics__SWIG_3" alt="" coords="225,149,457,173">
<area shape="rect" href="$pso__wrap_8cpp.html#b5411f1e9c31d010fa42b506e240bb95" title="SWIG_Check_int" alt="" coords="508,168,628,192">
<area shape="rect" href="$pso__wrap_8cpp.html#d3e41ea0c866a9cfb1bedd7beb29bf5e" title="SWIG_As_int" alt="" coords="519,77,617,101">
<area shape="rect" href="$pso__wrap_8cpp.html#4dfa81ca07e717877f4eaaea8041867e" title="SWIG_AsVal_int" alt="" coords="679,108,796,132">
<area shape="rect" href="$pso__wrap_8cpp.html#ca3c78b106b24b292a156d1f2e9d6bf7" title="SWIG_AsVal_long" alt="" coords="845,108,973,132">
