<area shape="rect" href="$pso__wrap_8cpp.html#b3ea77456a0202171540ab01c6e3e4f7" title="SWIG_Python_ArgFail" alt="" coords="243,76,395,100">
<area shape="rect" href="$pso__wrap_8cpp.html#aa141c91811a809ad2809c7f0b0b98d4" title="SWIG_Python_ConvertPtr" alt="" coords="232,244,405,268">
<area shape="rect" href="$pso__wrap_8cpp.html#c487bf25fd5238c01ad35edf4dde586f" title="SWIG_Python_TypeError" alt="" coords="461,100,629,124">
<area shape="rect" href="$pso__wrap_8cpp.html#3f38ea686cb3f85bf6a15b08416f2684" title="SWIG_TypePrettyName" alt="" coords="465,442,625,466">
<area shape="rect" href="$pso__wrap_8cpp.html#26ba14592b463c53ad77c11ae322e44f" title="SWIG_Python_AddErrMesg" alt="" coords="453,52,637,76">
<area shape="rect" href="$pso__wrap_8cpp.html#2043c786f7af8a3b13afdaec230de1d7" title="PySwigObject_AsVoidPtr" alt="" coords="461,244,629,268">
<area shape="rect" href="$pso__wrap_8cpp.html#7fabac628f98725b7869762b75b1cbf9" title="PySwigObject_Check" alt="" coords="693,198,840,222">
<area shape="rect" href="$pso__wrap_8cpp.html#c6d3897c726b22a72be5f7e62473bc05" title="PySwigObject_GetDesc" alt="" coords="687,295,847,319">
<area shape="rect" href="$pso__wrap_8cpp.html#11be4bad1a18f981cbad9ead0dc5379b" title="SWIG_TypeCast" alt="" coords="487,148,604,172">
<area shape="rect" href="$pso__wrap_8cpp.html#229192988f5c63f801651a2213a64225" title="SWIG_TypeCheck" alt="" coords="481,196,609,220">
<area shape="rect" href="$pso__wrap_8cpp.html#e3e13f3464cb74f7e5d9f7a50a6855c0" title="SWIG_UnpackVoidPtr" alt="" coords="471,394,620,418">
<area shape="rect" href="$pso__wrap_8cpp.html#e3b3f0786c1172d918243acb71f109e0" title="PySwigObject_GetType" alt="" coords="896,198,1056,222">
<area shape="rect" href="$namespacekp.html#a6813c11eeb1c091cdd1eff62de70914" title="kp::destructor" alt="" coords="1133,6,1235,30">
<area shape="rect" href="$pso__wrap_8cpp.html#c9f4d92892b03080d537c5d2f5b67406" title="PySwigObject_compare" alt="" coords="1104,54,1264,78">
<area shape="rect" href="$pso__wrap_8cpp.html#2f36a772416c78adae033b6a98fc49ad" title="PySwigObject_dealloc" alt="" coords="1108,102,1260,126">
<area shape="rect" href="$pso__wrap_8cpp.html#8d7ea1d473d3a3f36d240ea30f9db809" title="PySwigObject_hex" alt="" coords="1119,150,1249,174">
<area shape="rect" href="$pso__wrap_8cpp.html#be6625f2a16f357e494899259d922675" title="PySwigObject_long" alt="" coords="1117,198,1251,222">
<area shape="rect" href="$pso__wrap_8cpp.html#0cffee93d733cf5ed9e63ee2044b6895" title="PySwigObject_oct" alt="" coords="1120,246,1248,270">
<area shape="rect" href="$pso__wrap_8cpp.html#b1501b69b77ed0b75a0ee10cb296c9a5" title="PySwigObject_print" alt="" coords="1116,294,1252,318">
<area shape="rect" href="$pso__wrap_8cpp.html#57c895e43b7691befbf41d770e593b4e" title="PySwigObject_repr" alt="" coords="1119,342,1249,366">
<area shape="rect" href="$pso__wrap_8cpp.html#1a26b3b5411d93510e226b6014951fe5" title="PySwigObject_str" alt="" coords="1121,390,1247,414">
<area shape="rect" href="$pso__wrap_8cpp.html#10c5572eb6206df7c95c8a2fcde90911" title="SWIG_PackVoidPtr" alt="" coords="1312,342,1448,366">
<area shape="rect" href="$pso__wrap_8cpp.html#02c2ac3db8ce87dd62813334e66c9a3a" title="SWIG_PackData" alt="" coords="1496,342,1616,366">
<area shape="rect" href="$pso__wrap_8cpp.html#80e9e66f66413297452de92c69cdf9d7" title="SWIG_UnpackData" alt="" coords="700,394,833,418">
