<area shape="rect" href="$pso__wrap_8cpp.html#971adc0d5dcf33d8b35d77318428b34b" title="PySwigObject_FromVoidPtrAndDesc" alt="" coords="252,317,487,341">
<area shape="rect" href="$pso__wrap_8cpp.html#10c5572eb6206df7c95c8a2fcde90911" title="SWIG_PackVoidPtr" alt="" coords="952,365,1088,389">
<area shape="rect" href="$pso__wrap_8cpp.html#e3b3f0786c1172d918243acb71f109e0" title="PySwigObject_GetType" alt="" coords="536,221,696,245">
<area shape="rect" href="$namespacekp.html#a6813c11eeb1c091cdd1eff62de70914" title="kp::destructor" alt="" coords="773,5,875,29">
<area shape="rect" href="$pso__wrap_8cpp.html#c9f4d92892b03080d537c5d2f5b67406" title="PySwigObject_compare" alt="" coords="744,53,904,77">
<area shape="rect" href="$pso__wrap_8cpp.html#2f36a772416c78adae033b6a98fc49ad" title="PySwigObject_dealloc" alt="" coords="748,101,900,125">
<area shape="rect" href="$pso__wrap_8cpp.html#8d7ea1d473d3a3f36d240ea30f9db809" title="PySwigObject_hex" alt="" coords="759,149,889,173">
<area shape="rect" href="$pso__wrap_8cpp.html#be6625f2a16f357e494899259d922675" title="PySwigObject_long" alt="" coords="757,197,891,221">
<area shape="rect" href="$pso__wrap_8cpp.html#0cffee93d733cf5ed9e63ee2044b6895" title="PySwigObject_oct" alt="" coords="760,245,888,269">
<area shape="rect" href="$pso__wrap_8cpp.html#b1501b69b77ed0b75a0ee10cb296c9a5" title="PySwigObject_print" alt="" coords="756,293,892,317">
<area shape="rect" href="$pso__wrap_8cpp.html#57c895e43b7691befbf41d770e593b4e" title="PySwigObject_repr" alt="" coords="759,341,889,365">
<area shape="rect" href="$pso__wrap_8cpp.html#1a26b3b5411d93510e226b6014951fe5" title="PySwigObject_str" alt="" coords="761,389,887,413">
<area shape="rect" href="$pso__wrap_8cpp.html#02c2ac3db8ce87dd62813334e66c9a3a" title="SWIG_PackData" alt="" coords="1136,365,1256,389">
