<area shape="rect" href="$namespacekp.html#a6813c11eeb1c091cdd1eff62de70914" title="kp::destructor" alt="" coords="252,6,353,30">
<area shape="rect" href="$pso__wrap_8cpp.html#ad234ecbc3820c212fdcb809fc9b5821" title="PySwigPacked_compare" alt="" coords="220,54,385,78">
<area shape="rect" href="$pso__wrap_8cpp.html#0cd7f9d0a4e2c218fae2658eab543194" title="PySwigPacked_dealloc" alt="" coords="224,102,381,126">
<area shape="rect" href="$pso__wrap_8cpp.html#173be9af0e11bd61387f9398cc3848c4" title="PySwigPacked_print" alt="" coords="232,150,373,174">
<area shape="rect" href="$pso__wrap_8cpp.html#fe4230f7d7cd8572675591d9bd567e39" title="PySwigPacked_repr" alt="" coords="233,198,372,222">
<area shape="rect" href="$pso__wrap_8cpp.html#4aafdf94b1093eb068db5a38cae9bd9b" title="PySwigPacked_str" alt="" coords="237,246,368,270">
<area shape="rect" href="$pso__wrap_8cpp.html#f903e6809a1fb2ba06deff49795c6e65" title="SWIG_PackDataName" alt="" coords="435,198,589,222">
<area shape="rect" href="$pso__wrap_8cpp.html#02c2ac3db8ce87dd62813334e66c9a3a" title="SWIG_PackData" alt="" coords="637,198,757,222">
