<area shape="rect" href="$pso__wrap_8cpp.html#2377a72ebf3358bdc8ff7ac5ea00af2a" title="SWIG_Python_FixMethods" alt="" coords="188,18,367,42">
<area shape="rect" href="$pso__wrap_8cpp.html#e4f4ed2ee3fe42acc7fe6bd5e6a7c168" title="SWIG_Python_LookupTypePointer" alt="" coords="167,90,388,114">
<area shape="rect" href="$pso__wrap_8cpp.html#b2fcaf321209ade26d84542053eb4ad1" title="SWIG_TypeRegister" alt="" coords="208,138,347,162">
<area shape="rect" href="$pso__wrap_8cpp.html#10c5572eb6206df7c95c8a2fcde90911" title="SWIG_PackVoidPtr" alt="" coords="480,6,616,30">
<area shape="rect" href="$pso__wrap_8cpp.html#02c2ac3db8ce87dd62813334e66c9a3a" title="SWIG_PackData" alt="" coords="721,6,841,30">
<area shape="rect" href="$pso__wrap_8cpp.html#057217fe8a29d2109e9b791a1207c2bb" title="SWIG_Python_GetTypeListHandle" alt="" coords="437,54,659,78">
<area shape="rect" href="$pso__wrap_8cpp.html#0da76f90fa44bf21ce7f2c8f12253381" title="SWIG_Python_SetTypeListHandle" alt="" coords="439,102,657,126">
<area shape="rect" href="$pso__wrap_8cpp.html#3148f4fa67a843567a4cde3b144c2d0c" title="PyModule_AddObject" alt="" coords="708,102,855,126">
<area shape="rect" href="$pso__wrap_8cpp.html#e461b03c94b9597514bbdeeb67b3aec8" title="SWIG_TypeRegisterTL" alt="" coords="471,150,625,174">
<area shape="rect" href="$pso__wrap_8cpp.html#23ecf039d651082ffc7582c4f50af780" title="SWIG_TypeEquiv" alt="" coords="720,150,843,174">
<area shape="rect" href="$pso__wrap_8cpp.html#2f69ad4207037cb391a2b2d5915fcba2" title="SWIG_TypeNameComp" alt="" coords="904,150,1064,174">
