<area shape="rect" href="$classPsoStatistics.html#73939838a30fc8acd1ae82f8565775a6" title="PsoStatistics::getGlobalBest" alt="" coords="116,227,305,251">
<area shape="rect" href="$classPSO.html#069d1e4640bc7be42e7d977d65365240" title="PSO::getGlobalBestPos" alt="" coords="129,1115,292,1139">
<area shape="rect" href="$classPSO.html#ea4f1240fec26e21f9ef3ed3831f08e4" title="PSO::getSidestepStats" alt="" coords="132,1211,289,1235">
<area shape="rect" href="$classPSO.html#bf1bde2032c0f5be197934475851c216" title="PSO::printParameter" alt="" coords="140,275,281,299">
<area shape="rect" href="$runpso_8cpp.html#396dc9e9901b8dc671c5095dc55fb08c" title="readFile" alt="" coords="177,1307,244,1331">
<area shape="rect" href="$runpso_8cpp.html#263ddc0484580ebfc8249ac340ce570e" title="readOptions" alt="" coords="165,1355,256,1379">
<area shape="rect" href="$classPSO.html#ac1c7238fb77d452c197e4c16fe364bc" title="Set the dynamic parameters, required for dynamic functions." alt="" coords="115,1475,307,1499">
<area shape="rect" href="$classPSO.html#d58d6a6ba1ebd6df471867389487feab" title="Set the parameters for the local search." alt="" coords="105,1259,316,1283">
<area shape="rect" href="$classPSO.html#c58c125453c245064c30b4dd04bf8d52" title="Set the noise parameters, required for noisy functions." alt="" coords="123,1523,299,1547">
<area shape="rect" href="$classPSO.html#3a301551494012faac2c6db981ae269e" title="PSO::step" alt="" coords="169,768,252,792">
<area shape="rect" href="$classBird.html#ce844c5f8c4b379fcbf7dac32689d651" title="Return the personal best position." alt="" coords="955,767,1075,791">
<area shape="rect" href="$classSwarm.html#7636f17fe7017c9665678e85e20b9779" title="Return the global best bird." alt="" coords="400,1115,573,1139">
<area shape="rect" href="$classPsoStatistics.html#ac6c4899720fbe600b094ad171839f9d" title="PsoStatistics::calculateSidestepStats" alt="" coords="367,1163,607,1187">
<area shape="rect" href="$classSwarm.html#3459aae3e91fa3330ea467deccee3c13" title="Swarm::getBirds" alt="" coords="428,1211,545,1235">
<area shape="rect" href="$classPSO.html#eb56dd8010afe48a363ed5aa7b4cece5" title="return the initial sidestepwidth to be used" alt="" coords="392,1259,581,1283">
<area shape="rect" href="$classBird.html#6ed8acd5fb90432d021ae8b1d7dcb383" title="Bird::getSidesteps" alt="" coords="703,1163,831,1187">
<area shape="rect" href="$classFunction.html#add009c15298f8cbbf62958f62e49b0e" title="Function::get_max_x" alt="" coords="695,1211,839,1235">
<area shape="rect" href="$classFunction.html#8831e5c15811e7090a9fcc2cdae162b6" title="Function::get_min_x" alt="" coords="697,1259,836,1283">
<area shape="rect" href="$classSwarm.html#1f6eec525de52241c5b1272a07361e20" title="Swarm::get_detectionMethod" alt="" coords="392,421,581,445">
<area shape="rect" href="$classFunction.html#ea2630ebec2607a174840b321597a944" title="Returns the moveDistance for the optimization function." alt="" coords="393,323,580,347">
<area shape="rect" href="$classFunction.html#56b76e8cc2d8fc7abb79f1e0110597fb" title="Returns the moveFrequency for the optimization function." alt="" coords="388,83,585,107">
<area shape="rect" href="$classFunction.html#33fd72428c3ffe097f282d5172b6a512" title="Returns the optimumMoveStyle for the optimization function." alt="" coords="395,131,579,155">
<area shape="rect" href="$classSwarm.html#eee2a8aaef1290bf85df295881aab486" title="Swarm::get_responseMethod" alt="" coords="392,179,581,203">
<area shape="rect" href="$classFunction.html#dfeaef589691aea723b6b713763b37be" title="Returns the updateStyle (periodic, onGoal) for the optimization function." alt="" coords="400,227,573,251">
<area shape="rect" href="$classFunction.html#6b8d4f0e5f160a7ead82d28c96046955" title="Function::getDynamicStyle" alt="" coords="925,291,1104,315">
<area shape="rect" href="$classFunction.html#b91fde86475670d74b292373558f8c94" title="Function::getNoiseSigma" alt="" coords="403,275,571,299">
<area shape="rect" href="$classFunction.html#5d1c101ec674fb9c792fe119897693ff" title="Function::getNoiseStyle" alt="" coords="687,469,847,493">
<area shape="rect" href="$tools_8cpp.html#ea080d716cc71d1a8bad850f4397f240" title="fixSeed" alt="" coords="455,1355,519,1379">
<area shape="rect" href="$classSwarm.html#b90bce798796c7b9cee3322e7531df34" title="Swarm::set_detectionMethod" alt="" coords="392,1499,581,1523">
<area shape="rect" href="$classFunction.html#36161c4387e7d67a916d86863c807e18" title="Set the moveDistance for the optimization function during runtime." alt="" coords="393,1547,580,1571">
<area shape="rect" href="$classFunction.html#f2ec150f2e16d03e7ecb11f28edae9d7" title="Set the moveFrequency for the optimization function during runtime." alt="" coords="388,1595,585,1619">
<area shape="rect" href="$classFunction.html#926edbee9ecdb70a054375c12d86dbb9" title="Set the optimumMoveStyle for the optimization function during runtime." alt="" coords="395,1643,579,1667">
<area shape="rect" href="$classSwarm.html#896cd984569235391fc53353d87a9337" title="Swarm::set_responseMethod" alt="" coords="392,1403,581,1427">
<area shape="rect" href="$classFunction.html#43f22a89270d1fb80a9e5cd97199edf8" title="Set the updateStyle for the optimization function during runtime." alt="" coords="400,1451,573,1475">
<area shape="rect" href="$classSequenceGenerator.html#31904303f64c5adcf91d924b41c71a80" title="Wrapper to GSL Function call." alt="" coords="656,1595,877,1619">
<area shape="rect" href="$classSwarm.html#ba26dbec7b48abc3e5d964ac3b512ed0" title="Swarm::setInitialSidestep" alt="" coords="403,1307,571,1331">
<area shape="rect" href="$classBird.html#618371d1ca2da9ff13657855dda09a85" title="Bird::initializeSidestep" alt="" coords="692,1307,841,1331">
<area shape="rect" href="$classFunction.html#159260a1fc3afa8932491e4057b6b844" title="The evaluation function has to be present, since it is the decisive part of the function..." alt="" coords="423,768,551,792">
<area shape="rect" href="$classPsoStatistics.html#da296b91e976a0d5789e7a79e4b1dccf" title="PsoStatistics::getActualGlobalBest" alt="" coords="373,816,600,840">
<area shape="rect" href="$classBird.html#9e93d67d4232ccd557f4e4293ebbe8f5" title="Return the function value of the personal best position." alt="" coords="951,964,1079,988">
<area shape="rect" href="$classPsoStatistics.html#7f0b1661dfa4627c0e2e15020ab6b83e" title="PsoStatistics::getCurrentStep" alt="" coords="669,595,864,619">
<area shape="rect" href="$classPSO.html#b39abf541d9a73383613ebc507f07a2c" title="PSO::getDynamicStyle" alt="" coords="689,547,844,571">
<area shape="rect" href="$classSwarm.html#29b92fc70b57a38a6db7a03d6f9df4ea" title="Return the overall best value found." alt="" coords="675,964,859,988">
<area shape="rect" href="$classBird.html#4da69cbb9543c97cde515d3ec54a1c4d" title="Return the index." alt="" coords="716,889,817,913">
<area shape="rect" href="$classPSO.html#f76be383f4e2360d2de466eeb6955af1" title="PSO::getNoiseStyle" alt="" coords="417,469,556,493">
<area shape="rect" href="$classSwarm.html#3e480dd422f3babe42d22d5af097c2ba" title="Swarm::printSwarm" alt="" coords="420,864,553,888">
<area shape="rect" href="$classSwarm.html#7ab61f9797ce80e2edfb2bd881d7147c" title="The swarm does steps steps." alt="" coords="440,669,533,693">
<area shape="rect" href="$classSwarm.html#8315401d37a75266d77f71a66660d1ae" title="If the best scout is better than the gbest individual it is reset." alt="" coords="700,741,833,765">
<area shape="rect" href="$classSwarm.html#849d8809ea9c26d9bc0010968bf1020c" title="Calculate the diversity." alt="" coords="681,643,852,667">
