<area shape="rect" href="$Timer_8h.html" title="Timer.h" alt="" coords="365,81,429,105">
<area shape="rect" href="$Solution_8h.html" title="Solution.h" alt="" coords="149,81,229,105">
<area shape="rect" href="$Colony_8h.html" title="Colony.h" alt="" coords="123,156,195,180">
<area shape="rect" href="$Functions_8h.html" title="Functions.h" alt="" coords="253,81,341,105">
<area shape="rect" href="$Random_8h.html" title="Random.h" alt="" coords="515,81,595,105">
<area shape="rect" href="$aco&#45;r_8cpp.html" title="aco&#45;r.cpp" alt="" coords="219,156,293,180">
<area shape="rect" href="$Timer_8cc.html" title="Timer.cc" alt="" coords="445,156,517,180">
<area shape="rect" href="$Solution_8cpp.html" title="Solution.cpp" alt="" coords="5,156,99,180">
<area shape="rect" href="$Colony_8cpp.html" title="Colony.cpp" alt="" coords="116,230,201,254">
<area shape="rect" href="$Functions_8cpp.html" title="Functions.cpp" alt="" coords="317,156,421,180">
<area shape="rect" href="$Random_8cc.html" title="Random.cc" alt="" coords="541,156,629,180">
